../Core/Src/main.c:95:5:main	8	static
../Core/Src/main.c:179:6:SystemClock_Config	88	static
../Core/Src/main.c:225:13:MX_ETH_Init	8	static
../Core/Src/main.c:275:13:MX_TIM4_Init	32	static
../Core/Src/main.c:320:13:MX_TIM12_Init	24	static
../Core/Src/main.c:358:13:MX_USART3_UART_Init	8	static
../Core/Src/main.c:391:13:MX_USB_OTG_FS_PCD_Init	8	static
../Core/Src/main.c:426:13:MX_GPIO_Init	56	static
../Core/Src/main.c:482:6:HAL_TIM_PeriodElapsedCallback	16	static
../Core/Src/main.c:532:6:Error_Handler	4	static,ignoring_inline_asm
