11:50:47 **** Incremental Build of configuration Debug for project Versuch_3_IIC ****
make -j8 all 
arm-none-eabi-gcc "../Core/Src/main.c" -mcpu=cortex-m4 -std=gnu11 -g3 -DDEBUG -DUSE_HAL_DRIVER -DSTM32F429xx -c -I../Core/Inc -I../Drivers/STM32F4xx_HAL_Driver/Inc -I../Drivers/STM32F4xx_HAL_Driver/Inc/Legacy -I../Drivers/CMSIS/Device/ST/STM32F4xx/Include -I../Drivers/CMSIS/Include -O0 -ffunction-sections -fdata-sections -Wall -fstack-usage -fcyclomatic-complexity -MMD -MP -MF"Core/Src/main.d" -MT"Core/Src/main.o" --specs=nano.specs -mfpu=fpv4-sp-d16 -mfloat-abi=hard -mthumb -o "Core/Src/main.o"
../Core/Src/main.c: In function 'main':
../Core/Src/main.c:134:19: warning: implicit declaration of function 'LCD_Begin' [-Wimplicit-function-declaration]
  134 |                   LCD_Begin(&LCD);
      |                   ^~~~~~~~~
../Core/Src/main.c:134:30: error: 'LCD' undeclared (first use in this function)
  134 |                   LCD_Begin(&LCD);
      |                              ^~~
../Core/Src/main.c:134:30: note: each undeclared identifier is reported only once for each function it appears in
../Core/Src/main.c:135:19: warning: implicit declaration of function 'LCD_SetCursor' [-Wimplicit-function-declaration]
  135 |                   LCD_SetCursor(&LCD, 1, 1);
      |                   ^~~~~~~~~~~~~
../Core/Src/main.c:136:19: warning: implicit declaration of function 'LCD_Print' [-Wimplicit-function-declaration]
  136 |                   LCD_Print(&LCD, "Hello world!");
      |                   ^~~~~~~~~
At top level:
../Core/Src/main.c:58:22: warning: 'REG_LCD' defined but not used [-Wunused-const-variable=]
   58 | static const uint8_t REG_LCD = 0x00;
      |                      ^~~~~~~
make: *** [Core/Src/subdir.mk:37: Core/Src/main.o] Error 1
"make -j8 all" terminated with exit code 2. Build might be incomplete.
11:52:06 **** Incremental Build of configuration Debug for project Versuch_3_IIC ****
make -j8 all 
arm-none-eabi-gcc "../Core/Src/main.c" -mcpu=cortex-m4 -std=gnu11 -g3 -DDEBUG -DUSE_HAL_DRIVER -DSTM32F429xx -c -I../Core/Inc -I../Drivers/STM32F4xx_HAL_Driver/Inc -I../Drivers/STM32F4xx_HAL_Driver/Inc/Legacy -I../Drivers/CMSIS/Device/ST/STM32F4xx/Include -I../Drivers/CMSIS/Include -O0 -ffunction-sections -fdata-sections -Wall -fstack-usage -fcyclomatic-complexity -MMD -MP -MF"Core/Src/main.d" -MT"Core/Src/main.o" --specs=nano.specs -mfpu=fpv4-sp-d16 -mfloat-abi=hard -mthumb -o "Core/Src/main.o"
../Core/Src/main.c: In function 'main':
../Core/Src/main.c:85:10: error: unknown type name 'LCD_HandleTypeDef'; did you mean 'PCD_HandleTypeDef'?
   85 |          LCD_HandleTypeDef LCD;
      |          ^~~~~~~~~~~~~~~~~
      |          PCD_HandleTypeDef
../Core/Src/main.c:134:19: warning: implicit declaration of function 'LCD_Begin' [-Wimplicit-function-declaration]
  134 |                   LCD_Begin(&LCD);
      |                   ^~~~~~~~~
../Core/Src/main.c:135:19: warning: implicit declaration of function 'LCD_SetCursor' [-Wimplicit-function-declaration]
  135 |                   LCD_SetCursor(&LCD, 1, 1);
      |                   ^~~~~~~~~~~~~
../Core/Src/main.c:136:19: warning: implicit declaration of function 'LCD_Print' [-Wimplicit-function-declaration]
  136 |                   LCD_Print(&LCD, "Hello world!");
      |                   ^~~~~~~~~
At top level:
../Core/Src/main.c:58:22: warning: 'REG_LCD' defined but not used [-Wunused-const-variable=]
   58 | static const uint8_t REG_LCD = 0x00;
      |                      ^~~~~~~
make: *** [Core/Src/subdir.mk:37: Core/Src/main.o] Error 1
"make -j8 all" terminated with exit code 2. Build might be incomplete.
11:52:07 **** Incremental Build of configuration Debug for project versuch_1_hello_world ****
make -j8 all 
arm-none-eabi-size   versuch_1_hello_world.elf 
   text	   data	    bss	    dec	    hex	filename
  16008	    100	   3860	  19968	   4e00	versuch_1_hello_world.elf
Finished building: default.size.stdout
 
11:52:07 **** Incremental Build of configuration Debug for project versuch_2_rgb ****
make -j8 all 
arm-none-eabi-size   versuch_2_rgb.elf 
   text	   data	    bss	    dec	    hex	filename
  15592	     20	   3564	  19176	   4ae8	versuch_2_rgb.elf
Finished building: default.size.stdout
 
11:52:08 **** Incremental Build of configuration Debug for project versuch_2_timer ****
make -j8 all 
arm-none-eabi-size   versuch_2_timer.elf 
   text	   data	    bss	    dec	    hex	filename
  18780	    100	   4028	  22908	   597c	versuch_2_timer.elf
Finished building: default.size.stdout
 
11:52:09 **** Incremental Build of configuration Debug for project versuch_3_interfaces ****
make -j8 all 
arm-none-eabi-size   versuch_3_interfaces.elf 
   text	   data	    bss	    dec	    hex	filename
  18020	    100	   3892	  22012	   55fc	versuch_3_interfaces.elf
Finished building: default.size.stdout
 
11:52:11 **** Incremental Build of configuration Debug for project Versuch_3_IIC ****
make -j8 all 
arm-none-eabi-gcc "../Core/Src/main.c" -mcpu=cortex-m4 -std=gnu11 -g3 -DDEBUG -DUSE_HAL_DRIVER -DSTM32F429xx -c -I../Core/Inc -I../Drivers/STM32F4xx_HAL_Driver/Inc -I../Drivers/STM32F4xx_HAL_Driver/Inc/Legacy -I../Drivers/CMSIS/Device/ST/STM32F4xx/Include -I../Drivers/CMSIS/Include -O0 -ffunction-sections -fdata-sections -Wall -fstack-usage -fcyclomatic-complexity -MMD -MP -MF"Core/Src/main.d" -MT"Core/Src/main.o" --specs=nano.specs -mfpu=fpv4-sp-d16 -mfloat-abi=hard -mthumb -o "Core/Src/main.o"
../Core/Src/main.c: In function 'main':
../Core/Src/main.c:85:10: error: unknown type name 'LCD_HandleTypeDef'; did you mean 'PCD_HandleTypeDef'?
   85 |          LCD_HandleTypeDef LCD;
      |          ^~~~~~~~~~~~~~~~~
      |          PCD_HandleTypeDef
../Core/Src/main.c:134:19: warning: implicit declaration of function 'LCD_Begin' [-Wimplicit-function-declaration]
  134 |                   LCD_Begin(&LCD);
      |                   ^~~~~~~~~
../Core/Src/main.c:135:19: warning: implicit declaration of function 'LCD_SetCursor' [-Wimplicit-function-declaration]
  135 |                   LCD_SetCursor(&LCD, 1, 1);
      |                   ^~~~~~~~~~~~~
../Core/Src/main.c:136:19: warning: implicit declaration of function 'LCD_Print' [-Wimplicit-function-declaration]
  136 |                   LCD_Print(&LCD, "Hello world!");
      |                   ^~~~~~~~~
At top level:
../Core/Src/main.c:58:22: warning: 'REG_LCD' defined but not used [-Wunused-const-variable=]
   58 | static const uint8_t REG_LCD = 0x00;
      |                      ^~~~~~~
make: *** [Core/Src/subdir.mk:37: Core/Src/main.o] Error 1
"make -j8 all" terminated with exit code 2. Build might be incomplete.
11:52:39 **** Incremental Build of configuration Debug for project Versuch_3_IIC ****
make -j8 all 
arm-none-eabi-gcc "../Core/Src/main.c" -mcpu=cortex-m4 -std=gnu11 -g3 -DDEBUG -DUSE_HAL_DRIVER -DSTM32F429xx -c -I../Core/Inc -I../Drivers/STM32F4xx_HAL_Driver/Inc -I../Drivers/STM32F4xx_HAL_Driver/Inc/Legacy -I../Drivers/CMSIS/Device/ST/STM32F4xx/Include -I../Drivers/CMSIS/Include -O0 -ffunction-sections -fdata-sections -Wall -fstack-usage -fcyclomatic-complexity -MMD -MP -MF"Core/Src/main.d" -MT"Core/Src/main.o" --specs=nano.specs -mfpu=fpv4-sp-d16 -mfloat-abi=hard -mthumb -o "Core/Src/main.o"
../Core/Src/main.c:59:22: warning: 'REG_LCD' defined but not used [-Wunused-const-variable=]
   59 | static const uint8_t REG_LCD = 0x00;
      |                      ^~~~~~~
arm-none-eabi-gcc -o "Versuch_3_IIC.elf" @"objects.list"   -mcpu=cortex-m4 -T"C:\Users\iremg\STM32CubeIDE\workspace_1.13.2\Versuch_3_IIC\STM32F429ZITX_FLASH.ld" --specs=nosys.specs -Wl,-Map="Versuch_3_IIC.map" -Wl,--gc-sections -static --specs=nano.specs -mfpu=fpv4-sp-d16 -mfloat-abi=hard -mthumb -Wl,--start-group -lc -lm -Wl,--end-group
C:/ST/STM32CubeIDE_1.13.2/STM32CubeIDE/plugins/com.st.stm32cube.ide.mcu.externaltools.gnu-tools-for-stm32.11.3.rel1.win32_1.1.1.202309131626/tools/bin/../lib/gcc/arm-none-eabi/11.3.1/../../../../arm-none-eabi/bin/ld.exe: ./Core/Src/main.o:C:/Users/iremg/STM32CubeIDE/workspace_1.13.2/Versuch_3_IIC/Debug/../Core/Src/main.c:52: multiple definition of `hi2c2'; ./Core/Src/lcd.o:C:/Users/iremg/STM32CubeIDE/workspace_1.13.2/Versuch_3_IIC/Debug/../Core/Src/lcd.c:25: first defined here
collect2.exe: error: ld returned 1 exit status
make: *** [makefile:64: Versuch_3_IIC.elf] Error 1
"make -j8 all" terminated with exit code 2. Build might be incomplete.
11:52:40 **** Incremental Build of configuration Debug for project versuch_1_hello_world ****
make -j8 all 
arm-none-eabi-size   versuch_1_hello_world.elf 
   text	   data	    bss	    dec	    hex	filename
  16008	    100	   3860	  19968	   4e00	versuch_1_hello_world.elf
Finished building: default.size.stdout
 
11:52:41 **** Incremental Build of configuration Debug for project versuch_2_rgb ****
make -j8 all 
arm-none-eabi-size   versuch_2_rgb.elf 
   text	   data	    bss	    dec	    hex	filename
  15592	     20	   3564	  19176	   4ae8	versuch_2_rgb.elf
Finished building: default.size.stdout
 
11:52:42 **** Incremental Build of configuration Debug for project versuch_2_timer ****
make -j8 all 
arm-none-eabi-size   versuch_2_timer.elf 
   text	   data	    bss	    dec	    hex	filename
  18780	    100	   4028	  22908	   597c	versuch_2_timer.elf
Finished building: default.size.stdout
 
11:52:42 **** Incremental Build of configuration Debug for project versuch_3_interfaces ****
make -j8 all 
arm-none-eabi-size   versuch_3_interfaces.elf 
   text	   data	    bss	    dec	    hex	filename
  18020	    100	   3892	  22012	   55fc	versuch_3_interfaces.elf
Finished building: default.size.stdout
 
11:53:20 **** Incremental Build of configuration Debug for project Versuch_3_IIC ****
make -j8 all 
arm-none-eabi-gcc "../Core/Src/main.c" -mcpu=cortex-m4 -std=gnu11 -g3 -DDEBUG -DUSE_HAL_DRIVER -DSTM32F429xx -c -I../Core/Inc -I../Drivers/STM32F4xx_HAL_Driver/Inc -I../Drivers/STM32F4xx_HAL_Driver/Inc/Legacy -I../Drivers/CMSIS/Device/ST/STM32F4xx/Include -I../Drivers/CMSIS/Include -O0 -ffunction-sections -fdata-sections -Wall -fstack-usage -fcyclomatic-complexity -MMD -MP -MF"Core/Src/main.d" -MT"Core/Src/main.o" --specs=nano.specs -mfpu=fpv4-sp-d16 -mfloat-abi=hard -mthumb -o "Core/Src/main.o"
../Core/Src/main.c: In function 'MX_I2C2_Init':
../Core/Src/main.c:257:3: error: 'hi2c2' undeclared (first use in this function)
  257 |   hi2c2.Instance = I2C2;
      |   ^~~~~
../Core/Src/main.c:257:3: note: each undeclared identifier is reported only once for each function it appears in
At top level:
../Core/Src/main.c:58:22: warning: 'REG_LCD' defined but not used [-Wunused-const-variable=]
   58 | static const uint8_t REG_LCD = 0x00;
      |                      ^~~~~~~
make: *** [Core/Src/subdir.mk:37: Core/Src/main.o] Error 1
"make -j8 all" terminated with exit code 2. Build might be incomplete.
11:53:21 **** Incremental Build of configuration Debug for project versuch_1_hello_world ****
make -j8 all 
arm-none-eabi-size   versuch_1_hello_world.elf 
   text	   data	    bss	    dec	    hex	filename
  16008	    100	   3860	  19968	   4e00	versuch_1_hello_world.elf
Finished building: default.size.stdout
 
11:53:21 **** Incremental Build of configuration Debug for project versuch_2_rgb ****
make -j8 all 
arm-none-eabi-size   versuch_2_rgb.elf 
   text	   data	    bss	    dec	    hex	filename
  15592	     20	   3564	  19176	   4ae8	versuch_2_rgb.elf
Finished building: default.size.stdout
 
11:53:22 **** Incremental Build of configuration Debug for project versuch_2_timer ****
make -j8 all 
arm-none-eabi-size   versuch_2_timer.elf 
   text	   data	    bss	    dec	    hex	filename
  18780	    100	   4028	  22908	   597c	versuch_2_timer.elf
Finished building: default.size.stdout
 
11:53:23 **** Incremental Build of configuration Debug for project versuch_3_interfaces ****
make -j8 all 
arm-none-eabi-size   versuch_3_interfaces.elf 
   text	   data	    bss	    dec	    hex	filename
  18020	    100	   3892	  22012	   55fc	versuch_3_interfaces.elf
Finished building: default.size.stdout
 
11:54:12 **** Incremental Build of configuration Debug for project Versuch_3_IIC ****
make -j8 all 
arm-none-eabi-gcc "../Core/Src/lcd.c" -mcpu=cortex-m4 -std=gnu11 -g3 -DDEBUG -DUSE_HAL_DRIVER -DSTM32F429xx -c -I../Core/Inc -I../Drivers/STM32F4xx_HAL_Driver/Inc -I../Drivers/STM32F4xx_HAL_Driver/Inc/Legacy -I../Drivers/CMSIS/Device/ST/STM32F4xx/Include -I../Drivers/CMSIS/Include -O0 -ffunction-sections -fdata-sections -Wall -fstack-usage -fcyclomatic-complexity -MMD -MP -MF"Core/Src/lcd.d" -MT"Core/Src/lcd.o" --specs=nano.specs -mfpu=fpv4-sp-d16 -mfloat-abi=hard -mthumb -o "Core/Src/lcd.o"
arm-none-eabi-gcc "../Core/Src/main.c" -mcpu=cortex-m4 -std=gnu11 -g3 -DDEBUG -DUSE_HAL_DRIVER -DSTM32F429xx -c -I../Core/Inc -I../Drivers/STM32F4xx_HAL_Driver/Inc -I../Drivers/STM32F4xx_HAL_Driver/Inc/Legacy -I../Drivers/CMSIS/Device/ST/STM32F4xx/Include -I../Drivers/CMSIS/Include -O0 -ffunction-sections -fdata-sections -Wall -fstack-usage -fcyclomatic-complexity -MMD -MP -MF"Core/Src/main.d" -MT"Core/Src/main.o" --specs=nano.specs -mfpu=fpv4-sp-d16 -mfloat-abi=hard -mthumb -o "Core/Src/main.o"
../Core/Src/lcd.c: In function '_LCD_SendInternal':
../Core/Src/lcd.c:50:36: error: 'hi2c2' undeclared (first use in this function)
   50 |     res = HAL_I2C_Master_Transmit(&hi2c2,  LCD_DEFAULT_ADDR, buf, 10, HAL_MAX_DELAY);
      |                                    ^~~~~
../Core/Src/lcd.c:50:36: note: each undeclared identifier is reported only once for each function it appears in
../Core/Src/lcd.c:42:13: warning: variable 'data_arr' set but not used [-Wunused-but-set-variable]
   42 |     uint8_t data_arr[4];
      |             ^~~~~~~~
../Core/Src/main.c:59:22: warning: 'REG_LCD' defined but not used [-Wunused-const-variable=]
   59 | static const uint8_t REG_LCD = 0x00;
      |                      ^~~~~~~
make: *** [Core/Src/subdir.mk:37: Core/Src/lcd.o] Error 1
make: *** Waiting for unfinished jobs....
"make -j8 all" terminated with exit code 2. Build might be incomplete.
11:54:13 **** Incremental Build of configuration Debug for project versuch_1_hello_world ****
make -j8 all 
arm-none-eabi-size   versuch_1_hello_world.elf 
   text	   data	    bss	    dec	    hex	filename
  16008	    100	   3860	  19968	   4e00	versuch_1_hello_world.elf
Finished building: default.size.stdout
 
11:54:14 **** Incremental Build of configuration Debug for project versuch_2_rgb ****
make -j8 all 
arm-none-eabi-size   versuch_2_rgb.elf 
   text	   data	    bss	    dec	    hex	filename
  15592	     20	   3564	  19176	   4ae8	versuch_2_rgb.elf
Finished building: default.size.stdout
 
11:54:14 **** Incremental Build of configuration Debug for project versuch_2_timer ****
make -j8 all 
arm-none-eabi-size   versuch_2_timer.elf 
   text	   data	    bss	    dec	    hex	filename
  18780	    100	   4028	  22908	   597c	versuch_2_timer.elf
Finished building: default.size.stdout
 
11:54:15 **** Incremental Build of configuration Debug for project versuch_3_interfaces ****
make -j8 all 
arm-none-eabi-size   versuch_3_interfaces.elf 
   text	   data	    bss	    dec	    hex	filename
  18020	    100	   3892	  22012	   55fc	versuch_3_interfaces.elf
Finished building: default.size.stdout
 
11:55:05 **** Incremental Build of configuration Debug for project Versuch_3_IIC ****
make -j8 all 
arm-none-eabi-gcc "../Core/Src/lcd.c" -mcpu=cortex-m4 -std=gnu11 -g3 -DDEBUG -DUSE_HAL_DRIVER -DSTM32F429xx -c -I../Core/Inc -I../Drivers/STM32F4xx_HAL_Driver/Inc -I../Drivers/STM32F4xx_HAL_Driver/Inc/Legacy -I../Drivers/CMSIS/Device/ST/STM32F4xx/Include -I../Drivers/CMSIS/Include -O0 -ffunction-sections -fdata-sections -Wall -fstack-usage -fcyclomatic-complexity -MMD -MP -MF"Core/Src/lcd.d" -MT"Core/Src/lcd.o" --specs=nano.specs -mfpu=fpv4-sp-d16 -mfloat-abi=hard -mthumb -o "Core/Src/lcd.o"
arm-none-eabi-gcc "../Core/Src/main.c" -mcpu=cortex-m4 -std=gnu11 -g3 -DDEBUG -DUSE_HAL_DRIVER -DSTM32F429xx -c -I../Core/Inc -I../Drivers/STM32F4xx_HAL_Driver/Inc -I../Drivers/STM32F4xx_HAL_Driver/Inc/Legacy -I../Drivers/CMSIS/Device/ST/STM32F4xx/Include -I../Drivers/CMSIS/Include -O0 -ffunction-sections -fdata-sections -Wall -fstack-usage -fcyclomatic-complexity -MMD -MP -MF"Core/Src/main.d" -MT"Core/Src/main.o" --specs=nano.specs -mfpu=fpv4-sp-d16 -mfloat-abi=hard -mthumb -o "Core/Src/main.o"
../Core/Src/lcd.c: In function '_LCD_SendInternal':
../Core/Src/lcd.c:42:13: warning: variable 'data_arr' set but not used [-Wunused-but-set-variable]
   42 |     uint8_t data_arr[4];
      |             ^~~~~~~~
../Core/Src/main.c:58:22: warning: 'REG_LCD' defined but not used [-Wunused-const-variable=]
   58 | static const uint8_t REG_LCD = 0x00;
      |                      ^~~~~~~
arm-none-eabi-gcc -o "Versuch_3_IIC.elf" @"objects.list"   -mcpu=cortex-m4 -T"C:\Users\iremg\STM32CubeIDE\workspace_1.13.2\Versuch_3_IIC\STM32F429ZITX_FLASH.ld" --specs=nosys.specs -Wl,-Map="Versuch_3_IIC.map" -Wl,--gc-sections -static --specs=nano.specs -mfpu=fpv4-sp-d16 -mfloat-abi=hard -mthumb -Wl,--start-group -lc -lm -Wl,--end-group
C:/ST/STM32CubeIDE_1.13.2/STM32CubeIDE/plugins/com.st.stm32cube.ide.mcu.externaltools.gnu-tools-for-stm32.11.3.rel1.win32_1.1.1.202309131626/tools/bin/../lib/gcc/arm-none-eabi/11.3.1/../../../../arm-none-eabi/bin/ld.exe: ./Core/Src/main.o:C:/Users/iremg/STM32CubeIDE/workspace_1.13.2/Versuch_3_IIC/Debug/../Core/Src/lcd.h:24: multiple definition of `hi2c2'; ./Core/Src/lcd.o:C:/Users/iremg/STM32CubeIDE/workspace_1.13.2/Versuch_3_IIC/Debug/../Core/Src/lcd.h:24: first defined here
collect2.exe: error: ld returned 1 exit status
make: *** [makefile:64: Versuch_3_IIC.elf] Error 1
"make -j8 all" terminated with exit code 2. Build might be incomplete.
11:55:07 **** Incremental Build of configuration Debug for project versuch_1_hello_world ****
make -j8 all 
arm-none-eabi-size   versuch_1_hello_world.elf 
   text	   data	    bss	    dec	    hex	filename
  16008	    100	   3860	  19968	   4e00	versuch_1_hello_world.elf
Finished building: default.size.stdout
 
11:55:07 **** Incremental Build of configuration Debug for project versuch_2_rgb ****
make -j8 all 
arm-none-eabi-size   versuch_2_rgb.elf 
   text	   data	    bss	    dec	    hex	filename
  15592	     20	   3564	  19176	   4ae8	versuch_2_rgb.elf
Finished building: default.size.stdout
 
11:55:08 **** Incremental Build of configuration Debug for project versuch_2_timer ****
make -j8 all 
arm-none-eabi-size   versuch_2_timer.elf 
   text	   data	    bss	    dec	    hex	filename
  18780	    100	   4028	  22908	   597c	versuch_2_timer.elf
Finished building: default.size.stdout
 
11:55:09 **** Incremental Build of configuration Debug for project versuch_3_interfaces ****
make -j8 all 
arm-none-eabi-size   versuch_3_interfaces.elf 
   text	   data	    bss	    dec	    hex	filename
  18020	    100	   3892	  22012	   55fc	versuch_3_interfaces.elf
Finished building: default.size.stdout
 
11:55:48 **** Incremental Build of configuration Debug for project Versuch_3_IIC ****
make -j8 all 
arm-none-eabi-gcc "../Core/Src/main.c" -mcpu=cortex-m4 -std=gnu11 -g3 -DDEBUG -DUSE_HAL_DRIVER -DSTM32F429xx -c -I../Core/Inc -I../Drivers/STM32F4xx_HAL_Driver/Inc -I../Drivers/STM32F4xx_HAL_Driver/Inc/Legacy -I../Drivers/CMSIS/Device/ST/STM32F4xx/Include -I../Drivers/CMSIS/Include -O0 -ffunction-sections -fdata-sections -Wall -fstack-usage -fcyclomatic-complexity -MMD -MP -MF"Core/Src/main.d" -MT"Core/Src/main.o" --specs=nano.specs -mfpu=fpv4-sp-d16 -mfloat-abi=hard -mthumb -o "Core/Src/main.o"
../Core/Src/main.c:58:22: warning: 'REG_LCD' defined but not used [-Wunused-const-variable=]
   58 | static const uint8_t REG_LCD = 0x00;
      |                      ^~~~~~~
arm-none-eabi-gcc -o "Versuch_3_IIC.elf" @"objects.list"   -mcpu=cortex-m4 -T"C:\Users\iremg\STM32CubeIDE\workspace_1.13.2\Versuch_3_IIC\STM32F429ZITX_FLASH.ld" --specs=nosys.specs -Wl,-Map="Versuch_3_IIC.map" -Wl,--gc-sections -static --specs=nano.specs -mfpu=fpv4-sp-d16 -mfloat-abi=hard -mthumb -Wl,--start-group -lc -lm -Wl,--end-group
C:/ST/STM32CubeIDE_1.13.2/STM32CubeIDE/plugins/com.st.stm32cube.ide.mcu.externaltools.gnu-tools-for-stm32.11.3.rel1.win32_1.1.1.202309131626/tools/bin/../lib/gcc/arm-none-eabi/11.3.1/../../../../arm-none-eabi/bin/ld.exe: ./Core/Src/main.o:C:/Users/iremg/STM32CubeIDE/workspace_1.13.2/Versuch_3_IIC/Debug/../Core/Src/lcd.h:24: multiple definition of `hi2c2'; ./Core/Src/lcd.o:C:/Users/iremg/STM32CubeIDE/workspace_1.13.2/Versuch_3_IIC/Debug/../Core/Src/lcd.h:24: first defined here
collect2.exe: error: ld returned 1 exit status
make: *** [makefile:64: Versuch_3_IIC.elf] Error 1
"make -j8 all" terminated with exit code 2. Build might be incomplete.
11:55:50 **** Incremental Build of configuration Debug for project versuch_1_hello_world ****
make -j8 all 
arm-none-eabi-size   versuch_1_hello_world.elf 
   text	   data	    bss	    dec	    hex	filename
  16008	    100	   3860	  19968	   4e00	versuch_1_hello_world.elf
Finished building: default.size.stdout
 
11:55:51 **** Incremental Build of configuration Debug for project versuch_2_rgb ****
make -j8 all 
arm-none-eabi-size   versuch_2_rgb.elf 
   text	   data	    bss	    dec	    hex	filename
  15592	     20	   3564	  19176	   4ae8	versuch_2_rgb.elf
Finished building: default.size.stdout
 
11:55:52 **** Incremental Build of configuration Debug for project versuch_2_timer ****
make -j8 all 
arm-none-eabi-size   versuch_2_timer.elf 
   text	   data	    bss	    dec	    hex	filename
  18780	    100	   4028	  22908	   597c	versuch_2_timer.elf
Finished building: default.size.stdout
 
11:55:52 **** Incremental Build of configuration Debug for project versuch_3_interfaces ****
make -j8 all 
arm-none-eabi-size   versuch_3_interfaces.elf 
   text	   data	    bss	    dec	    hex	filename
  18020	    100	   3892	  22012	   55fc	versuch_3_interfaces.elf
Finished building: default.size.stdout
 
11:56:16 **** Incremental Build of configuration Debug for project Versuch_3_IIC ****
make -j8 all 
arm-none-eabi-gcc "../Core/Src/lcd.c" -mcpu=cortex-m4 -std=gnu11 -g3 -DDEBUG -DUSE_HAL_DRIVER -DSTM32F429xx -c -I../Core/Inc -I../Drivers/STM32F4xx_HAL_Driver/Inc -I../Drivers/STM32F4xx_HAL_Driver/Inc/Legacy -I../Drivers/CMSIS/Device/ST/STM32F4xx/Include -I../Drivers/CMSIS/Include -O0 -ffunction-sections -fdata-sections -Wall -fstack-usage -fcyclomatic-complexity -MMD -MP -MF"Core/Src/lcd.d" -MT"Core/Src/lcd.o" --specs=nano.specs -mfpu=fpv4-sp-d16 -mfloat-abi=hard -mthumb -o "Core/Src/lcd.o"
arm-none-eabi-gcc "../Core/Src/main.c" -mcpu=cortex-m4 -std=gnu11 -g3 -DDEBUG -DUSE_HAL_DRIVER -DSTM32F429xx -c -I../Core/Inc -I../Drivers/STM32F4xx_HAL_Driver/Inc -I../Drivers/STM32F4xx_HAL_Driver/Inc/Legacy -I../Drivers/CMSIS/Device/ST/STM32F4xx/Include -I../Drivers/CMSIS/Include -O0 -ffunction-sections -fdata-sections -Wall -fstack-usage -fcyclomatic-complexity -MMD -MP -MF"Core/Src/main.d" -MT"Core/Src/main.o" --specs=nano.specs -mfpu=fpv4-sp-d16 -mfloat-abi=hard -mthumb -o "Core/Src/main.o"
../Core/Src/lcd.c: In function '_LCD_SendInternal':
../Core/Src/lcd.c:50:36: error: 'hi2c2' undeclared (first use in this function)
   50 |     res = HAL_I2C_Master_Transmit(&hi2c2,  LCD_DEFAULT_ADDR, buf, 10, HAL_MAX_DELAY);
      |                                    ^~~~~
../Core/Src/lcd.c:50:36: note: each undeclared identifier is reported only once for each function it appears in
../Core/Src/lcd.c:42:13: warning: variable 'data_arr' set but not used [-Wunused-but-set-variable]
   42 |     uint8_t data_arr[4];
      |             ^~~~~~~~
make: *** [Core/Src/subdir.mk:37: Core/Src/lcd.o] Error 1
make: *** Waiting for unfinished jobs....
../Core/Src/main.c:59:22: warning: 'REG_LCD' defined but not used [-Wunused-const-variable=]
   59 | static const uint8_t REG_LCD = 0x00;
      |                      ^~~~~~~
"make -j8 all" terminated with exit code 2. Build might be incomplete.
11:56:17 **** Incremental Build of configuration Debug for project versuch_1_hello_world ****
make -j8 all 
arm-none-eabi-size   versuch_1_hello_world.elf 
   text	   data	    bss	    dec	    hex	filename
  16008	    100	   3860	  19968	   4e00	versuch_1_hello_world.elf
Finished building: default.size.stdout
 
11:56:18 **** Incremental Build of configuration Debug for project versuch_2_rgb ****
make -j8 all 
arm-none-eabi-size   versuch_2_rgb.elf 
   text	   data	    bss	    dec	    hex	filename
  15592	     20	   3564	  19176	   4ae8	versuch_2_rgb.elf
Finished building: default.size.stdout
 
11:56:19 **** Incremental Build of configuration Debug for project versuch_2_timer ****
make -j8 all 
arm-none-eabi-size   versuch_2_timer.elf 
   text	   data	    bss	    dec	    hex	filename
  18780	    100	   4028	  22908	   597c	versuch_2_timer.elf
Finished building: default.size.stdout
 
11:56:19 **** Incremental Build of configuration Debug for project versuch_3_interfaces ****
make -j8 all 
arm-none-eabi-size   versuch_3_interfaces.elf 
   text	   data	    bss	    dec	    hex	filename
  18020	    100	   3892	  22012	   55fc	versuch_3_interfaces.elf
Finished building: default.size.stdout
 
11:59:35 **** Incremental Build of configuration Debug for project Versuch_3_IIC ****
make -j8 all 
arm-none-eabi-gcc "../Core/Src/lcd.c" -mcpu=cortex-m4 -std=gnu11 -g3 -DDEBUG -DUSE_HAL_DRIVER -DSTM32F429xx -c -I../Core/Inc -I../Drivers/STM32F4xx_HAL_Driver/Inc -I../Drivers/STM32F4xx_HAL_Driver/Inc/Legacy -I../Drivers/CMSIS/Device/ST/STM32F4xx/Include -I../Drivers/CMSIS/Include -O0 -ffunction-sections -fdata-sections -Wall -fstack-usage -fcyclomatic-complexity -MMD -MP -MF"Core/Src/lcd.d" -MT"Core/Src/lcd.o" --specs=nano.specs -mfpu=fpv4-sp-d16 -mfloat-abi=hard -mthumb -o "Core/Src/lcd.o"
arm-none-eabi-gcc "../Core/Src/main.c" -mcpu=cortex-m4 -std=gnu11 -g3 -DDEBUG -DUSE_HAL_DRIVER -DSTM32F429xx -c -I../Core/Inc -I../Drivers/STM32F4xx_HAL_Driver/Inc -I../Drivers/STM32F4xx_HAL_Driver/Inc/Legacy -I../Drivers/CMSIS/Device/ST/STM32F4xx/Include -I../Drivers/CMSIS/Include -O0 -ffunction-sections -fdata-sections -Wall -fstack-usage -fcyclomatic-complexity -MMD -MP -MF"Core/Src/main.d" -MT"Core/Src/main.o" --specs=nano.specs -mfpu=fpv4-sp-d16 -mfloat-abi=hard -mthumb -o "Core/Src/main.o"
../Core/Src/lcd.c: In function '_LCD_SendInternal':
../Core/Src/lcd.c:50:36: error: 'hi2c2' undeclared (first use in this function)
   50 |     res = HAL_I2C_Master_Transmit(&hi2c2,  LCD_DEFAULT_ADDR, buf, 10, HAL_MAX_DELAY);
      |                                    ^~~~~
../Core/Src/lcd.c:50:36: note: each undeclared identifier is reported only once for each function it appears in
../Core/Src/lcd.c:42:13: warning: variable 'data_arr' set but not used [-Wunused-but-set-variable]
   42 |     uint8_t data_arr[4];
      |             ^~~~~~~~
../Core/Src/main.c:61:22: warning: 'REG_LCD' defined but not used [-Wunused-const-variable=]
   61 | static const uint8_t REG_LCD = 0x00;
      |                      ^~~~~~~
make: *** [Core/Src/subdir.mk:37: Core/Src/lcd.o] Error 1
make: *** Waiting for unfinished jobs....
"make -j8 all" terminated with exit code 2. Build might be incomplete.
11:59:36 **** Incremental Build of configuration Debug for project versuch_1_hello_world ****
make -j8 all 
arm-none-eabi-size   versuch_1_hello_world.elf 
   text	   data	    bss	    dec	    hex	filename
  16008	    100	   3860	  19968	   4e00	versuch_1_hello_world.elf
Finished building: default.size.stdout
 
11:59:36 **** Incremental Build of configuration Debug for project versuch_2_rgb ****
make -j8 all 
arm-none-eabi-size   versuch_2_rgb.elf 
   text	   data	    bss	    dec	    hex	filename
  15592	     20	   3564	  19176	   4ae8	versuch_2_rgb.elf
Finished building: default.size.stdout
 
11:59:37 **** Incremental Build of configuration Debug for project versuch_2_timer ****
make -j8 all 
arm-none-eabi-size   versuch_2_timer.elf 
   text	   data	    bss	    dec	    hex	filename
  18780	    100	   4028	  22908	   597c	versuch_2_timer.elf
Finished building: default.size.stdout
 
11:59:37 **** Incremental Build of configuration Debug for project versuch_3_interfaces ****
make -j8 all 
arm-none-eabi-size   versuch_3_interfaces.elf 
   text	   data	    bss	    dec	    hex	filename
  18020	    100	   3892	  22012	   55fc	versuch_3_interfaces.elf
Finished building: default.size.stdout
 
12:02:23 **** Incremental Build of configuration Debug for project Versuch_3_IIC ****
make -j8 all 
arm-none-eabi-gcc "../Core/Src/lcd.c" -mcpu=cortex-m4 -std=gnu11 -g3 -DDEBUG -DUSE_HAL_DRIVER -DSTM32F429xx -c -I../Core/Inc -I../Drivers/STM32F4xx_HAL_Driver/Inc -I../Drivers/STM32F4xx_HAL_Driver/Inc/Legacy -I../Drivers/CMSIS/Device/ST/STM32F4xx/Include -I../Drivers/CMSIS/Include -O0 -ffunction-sections -fdata-sections -Wall -fstack-usage -fcyclomatic-complexity -MMD -MP -MF"Core/Src/lcd.d" -MT"Core/Src/lcd.o" --specs=nano.specs -mfpu=fpv4-sp-d16 -mfloat-abi=hard -mthumb -o "Core/Src/lcd.o"
../Core/Src/lcd.c: In function '_LCD_SendInternal':
../Core/Src/lcd.c:50:36: error: 'hi2c2' undeclared (first use in this function)
   50 |     res = HAL_I2C_Master_Transmit(&hi2c2,  LCD_DEFAULT_ADDR, buf, 10, HAL_MAX_DELAY);
      |                                    ^~~~~
../Core/Src/lcd.c:50:36: note: each undeclared identifier is reported only once for each function it appears in
../Core/Src/lcd.c:42:13: warning: variable 'data_arr' set but not used [-Wunused-but-set-variable]
   42 |     uint8_t data_arr[4];
      |             ^~~~~~~~
make: *** [Core/Src/subdir.mk:37: Core/Src/lcd.o] Error 1
"make -j8 all" terminated with exit code 2. Build might be incomplete.
12:02:24 **** Incremental Build of configuration Debug for project versuch_1_hello_world ****
make -j8 all 
arm-none-eabi-size   versuch_1_hello_world.elf 
   text	   data	    bss	    dec	    hex	filename
  16008	    100	   3860	  19968	   4e00	versuch_1_hello_world.elf
Finished building: default.size.stdout
 
12:02:24 **** Incremental Build of configuration Debug for project versuch_2_rgb ****
make -j8 all 
arm-none-eabi-size   versuch_2_rgb.elf 
   text	   data	    bss	    dec	    hex	filename
  15592	     20	   3564	  19176	   4ae8	versuch_2_rgb.elf
Finished building: default.size.stdout
 
12:02:25 **** Incremental Build of configuration Debug for project versuch_2_timer ****
make -j8 all 
arm-none-eabi-size   versuch_2_timer.elf 
   text	   data	    bss	    dec	    hex	filename
  18780	    100	   4028	  22908	   597c	versuch_2_timer.elf
Finished building: default.size.stdout
 
12:02:25 **** Incremental Build of configuration Debug for project versuch_3_interfaces ****
make -j8 all 
arm-none-eabi-size   versuch_3_interfaces.elf 
   text	   data	    bss	    dec	    hex	filename
  18020	    100	   3892	  22012	   55fc	versuch_3_interfaces.elf
Finished building: default.size.stdout
 
12:03:34 **** Incremental Build of configuration Debug for project Versuch_3_IIC ****
make -j8 all 
arm-none-eabi-gcc "../Core/Src/lcd.c" -mcpu=cortex-m4 -std=gnu11 -g3 -DDEBUG -DUSE_HAL_DRIVER -DSTM32F429xx -c -I../Core/Inc -I../Drivers/STM32F4xx_HAL_Driver/Inc -I../Drivers/STM32F4xx_HAL_Driver/Inc/Legacy -I../Drivers/CMSIS/Device/ST/STM32F4xx/Include -I../Drivers/CMSIS/Include -O0 -ffunction-sections -fdata-sections -Wall -fstack-usage -fcyclomatic-complexity -MMD -MP -MF"Core/Src/lcd.d" -MT"Core/Src/lcd.o" --specs=nano.specs -mfpu=fpv4-sp-d16 -mfloat-abi=hard -mthumb -o "Core/Src/lcd.o"
../Core/Src/lcd.c: In function '_LCD_SendInternal':
../Core/Src/lcd.c:42:13: warning: variable 'data_arr' set but not used [-Wunused-but-set-variable]
   42 |     uint8_t data_arr[4];
      |             ^~~~~~~~
arm-none-eabi-gcc -o "Versuch_3_IIC.elf" @"objects.list"   -mcpu=cortex-m4 -T"C:\Users\iremg\STM32CubeIDE\workspace_1.13.2\Versuch_3_IIC\STM32F429ZITX_FLASH.ld" --specs=nosys.specs -Wl,-Map="Versuch_3_IIC.map" -Wl,--gc-sections -static --specs=nano.specs -mfpu=fpv4-sp-d16 -mfloat-abi=hard -mthumb -Wl,--start-group -lc -lm -Wl,--end-group
Finished building target: Versuch_3_IIC.elf
 
arm-none-eabi-size   Versuch_3_IIC.elf 
arm-none-eabi-objdump -h -S  Versuch_3_IIC.elf  > "Versuch_3_IIC.list"
   text	   data	    bss	    dec	    hex	filename
  18276	     20	   3596	  21892	   5584	Versuch_3_IIC.elf
Finished building: default.size.stdout
 
Finished building: Versuch_3_IIC.list
 
12:03:36 **** Incremental Build of configuration Debug for project versuch_1_hello_world ****
make -j8 all 
arm-none-eabi-size   versuch_1_hello_world.elf 
   text	   data	    bss	    dec	    hex	filename
  16008	    100	   3860	  19968	   4e00	versuch_1_hello_world.elf
Finished building: default.size.stdout
 
12:03:37 **** Incremental Build of configuration Debug for project versuch_2_rgb ****
make -j8 all 
arm-none-eabi-size   versuch_2_rgb.elf 
   text	   data	    bss	    dec	    hex	filename
  15592	     20	   3564	  19176	   4ae8	versuch_2_rgb.elf
Finished building: default.size.stdout
 
12:03:38 **** Incremental Build of configuration Debug for project versuch_2_timer ****
make -j8 all 
arm-none-eabi-size   versuch_2_timer.elf 
   text	   data	    bss	    dec	    hex	filename
  18780	    100	   4028	  22908	   597c	versuch_2_timer.elf
Finished building: default.size.stdout
 
12:03:38 **** Incremental Build of configuration Debug for project versuch_3_interfaces ****
make -j8 all 
arm-none-eabi-size   versuch_3_interfaces.elf 
   text	   data	    bss	    dec	    hex	filename
  18020	    100	   3892	  22012	   55fc	versuch_3_interfaces.elf
Finished building: default.size.stdout
 
12:03:51 **** Incremental Build of configuration Debug for project Versuch_3_IIC ****
make -j8 all 
arm-none-eabi-gcc "../Core/Src/lcd.c" -mcpu=cortex-m4 -std=gnu11 -g3 -DDEBUG -DUSE_HAL_DRIVER -DSTM32F429xx -c -I../Core/Inc -I../Drivers/STM32F4xx_HAL_Driver/Inc -I../Drivers/STM32F4xx_HAL_Driver/Inc/Legacy -I../Drivers/CMSIS/Device/ST/STM32F4xx/Include -I../Drivers/CMSIS/Include -O0 -ffunction-sections -fdata-sections -Wall -fstack-usage -fcyclomatic-complexity -MMD -MP -MF"Core/Src/lcd.d" -MT"Core/Src/lcd.o" --specs=nano.specs -mfpu=fpv4-sp-d16 -mfloat-abi=hard -mthumb -o "Core/Src/lcd.o"
arm-none-eabi-gcc -o "Versuch_3_IIC.elf" @"objects.list"   -mcpu=cortex-m4 -T"C:\Users\iremg\STM32CubeIDE\workspace_1.13.2\Versuch_3_IIC\STM32F429ZITX_FLASH.ld" --specs=nosys.specs -Wl,-Map="Versuch_3_IIC.map" -Wl,--gc-sections -static --specs=nano.specs -mfpu=fpv4-sp-d16 -mfloat-abi=hard -mthumb -Wl,--start-group -lc -lm -Wl,--end-group
Finished building target: Versuch_3_IIC.elf
 
arm-none-eabi-size   Versuch_3_IIC.elf 
arm-none-eabi-objdump -h -S  Versuch_3_IIC.elf  > "Versuch_3_IIC.list"
   text	   data	    bss	    dec	    hex	filename
  18268	     20	   3588	  21876	   5574	Versuch_3_IIC.elf
Finished building: default.size.stdout
 
Finished building: Versuch_3_IIC.list
 
12:03:53 **** Incremental Build of configuration Debug for project versuch_1_hello_world ****
make -j8 all 
arm-none-eabi-size   versuch_1_hello_world.elf 
   text	   data	    bss	    dec	    hex	filename
  16008	    100	   3860	  19968	   4e00	versuch_1_hello_world.elf
Finished building: default.size.stdout
 
12:03:54 **** Incremental Build of configuration Debug for project versuch_2_rgb ****
make -j8 all 
arm-none-eabi-size   versuch_2_rgb.elf 
   text	   data	    bss	    dec	    hex	filename
  15592	     20	   3564	  19176	   4ae8	versuch_2_rgb.elf
Finished building: default.size.stdout
 
12:03:54 **** Incremental Build of configuration Debug for project versuch_2_timer ****
make -j8 all 
arm-none-eabi-size   versuch_2_timer.elf 
   text	   data	    bss	    dec	    hex	filename
  18780	    100	   4028	  22908	   597c	versuch_2_timer.elf
Finished building: default.size.stdout
 
12:03:55 **** Incremental Build of configuration Debug for project versuch_3_interfaces ****
make -j8 all 
arm-none-eabi-size   versuch_3_interfaces.elf 
   text	   data	    bss	    dec	    hex	filename
  18020	    100	   3892	  22012	   55fc	versuch_3_interfaces.elf
Finished building: default.size.stdout
 
12:04:14 **** Incremental Build of configuration Debug for project Versuch_3_IIC ****
make -j8 all 
arm-none-eabi-gcc "../Core/Src/lcd.c" -mcpu=cortex-m4 -std=gnu11 -g3 -DDEBUG -DUSE_HAL_DRIVER -DSTM32F429xx -c -I../Core/Inc -I../Drivers/STM32F4xx_HAL_Driver/Inc -I../Drivers/STM32F4xx_HAL_Driver/Inc/Legacy -I../Drivers/CMSIS/Device/ST/STM32F4xx/Include -I../Drivers/CMSIS/Include -O0 -ffunction-sections -fdata-sections -Wall -fstack-usage -fcyclomatic-complexity -MMD -MP -MF"Core/Src/lcd.d" -MT"Core/Src/lcd.o" --specs=nano.specs -mfpu=fpv4-sp-d16 -mfloat-abi=hard -mthumb -o "Core/Src/lcd.o"
arm-none-eabi-gcc -o "Versuch_3_IIC.elf" @"objects.list"   -mcpu=cortex-m4 -T"C:\Users\iremg\STM32CubeIDE\workspace_1.13.2\Versuch_3_IIC\STM32F429ZITX_FLASH.ld" --specs=nosys.specs -Wl,-Map="Versuch_3_IIC.map" -Wl,--gc-sections -static --specs=nano.specs -mfpu=fpv4-sp-d16 -mfloat-abi=hard -mthumb -Wl,--start-group -lc -lm -Wl,--end-group
Finished building target: Versuch_3_IIC.elf
 
arm-none-eabi-size   Versuch_3_IIC.elf 
arm-none-eabi-objdump -h -S  Versuch_3_IIC.elf  > "Versuch_3_IIC.list"
   text	   data	    bss	    dec	    hex	filename
  18268	     20	   3588	  21876	   5574	Versuch_3_IIC.elf
Finished building: default.size.stdout
 
Finished building: Versuch_3_IIC.list
 
12:04:16 **** Incremental Build of configuration Debug for project versuch_1_hello_world ****
make -j8 all 
arm-none-eabi-size   versuch_1_hello_world.elf 
   text	   data	    bss	    dec	    hex	filename
  16008	    100	   3860	  19968	   4e00	versuch_1_hello_world.elf
Finished building: default.size.stdout
 
12:04:17 **** Incremental Build of configuration Debug for project versuch_2_rgb ****
make -j8 all 
arm-none-eabi-size   versuch_2_rgb.elf 
   text	   data	    bss	    dec	    hex	filename
  15592	     20	   3564	  19176	   4ae8	versuch_2_rgb.elf
Finished building: default.size.stdout
 
12:04:18 **** Incremental Build of configuration Debug for project versuch_2_timer ****
make -j8 all 
arm-none-eabi-size   versuch_2_timer.elf 
   text	   data	    bss	    dec	    hex	filename
  18780	    100	   4028	  22908	   597c	versuch_2_timer.elf
Finished building: default.size.stdout
 
12:04:18 **** Incremental Build of configuration Debug for project versuch_3_interfaces ****
make -j8 all 
arm-none-eabi-size   versuch_3_interfaces.elf 
   text	   data	    bss	    dec	    hex	filename
  18020	    100	   3892	  22012	   55fc	versuch_3_interfaces.elf
Finished building: default.size.stdout
 
12:04:24 **** Incremental Build of configuration Debug for project Versuch_3_IIC ****
make -j8 all 
arm-none-eabi-size   Versuch_3_IIC.elf 
   text	   data	    bss	    dec	    hex	filename
  18268	     20	   3588	  21876	   5574	Versuch_3_IIC.elf
Finished building: default.size.stdout
 
12:05:41 **** Incremental Build of configuration Debug for project Versuch_3_IIC ****
make -j8 all 
arm-none-eabi-gcc "../Core/Src/main.c" -mcpu=cortex-m4 -std=gnu11 -g3 -DDEBUG -DUSE_HAL_DRIVER -DSTM32F429xx -c -I../Core/Inc -I../Drivers/STM32F4xx_HAL_Driver/Inc -I../Drivers/STM32F4xx_HAL_Driver/Inc/Legacy -I../Drivers/CMSIS/Device/ST/STM32F4xx/Include -I../Drivers/CMSIS/Include -O0 -ffunction-sections -fdata-sections -Wall -fstack-usage -fcyclomatic-complexity -MMD -MP -MF"Core/Src/main.d" -MT"Core/Src/main.o" --specs=nano.specs -mfpu=fpv4-sp-d16 -mfloat-abi=hard -mthumb -o "Core/Src/main.o"
../Core/Src/main.c: In function 'main':
../Core/Src/main.c:134:19: warning: implicit declaration of function 'snprintf' [-Wimplicit-function-declaration]
  134 |                   snprintf((char*)buf, "Test");
      |                   ^~~~~~~~
../Core/Src/main.c:23:1: note: include '<stdio.h>' or provide a declaration of 'snprintf'
   22 | #include "lcd.h"
  +++ |+#include <stdio.h>
   23 | 
../Core/Src/main.c:134:19: warning: incompatible implicit declaration of built-in function 'snprintf' [-Wbuiltin-declaration-mismatch]
  134 |                   snprintf((char*)buf, "Test");
      |                   ^~~~~~~~
../Core/Src/main.c:134:19: note: include '<stdio.h>' or provide a declaration of 'snprintf'
../Core/Src/main.c:134:40: warning: passing argument 2 of 'snprintf' makes integer from pointer without a cast [-Wint-conversion]
  134 |                   snprintf((char*)buf, "Test");
      |                                        ^~~~~~
      |                                        |
      |                                        char *
../Core/Src/main.c:134:40: note: expected 'unsigned int' but argument is of type 'char *'
../Core/Src/main.c:134:19: error: too few arguments to function 'snprintf'
  134 |                   snprintf((char*)buf, "Test");
      |                   ^~~~~~~~
At top level:
../Core/Src/main.c:61:22: warning: 'REG_LCD' defined but not used [-Wunused-const-variable=]
   61 | static const uint8_t REG_LCD = 0x00;
      |                      ^~~~~~~
make: *** [Core/Src/subdir.mk:37: Core/Src/main.o] Error 1
"make -j8 all" terminated with exit code 2. Build might be incomplete.
12:05:42 **** Incremental Build of configuration Debug for project versuch_1_hello_world ****
make -j8 all 
arm-none-eabi-size   versuch_1_hello_world.elf 
   text	   data	    bss	    dec	    hex	filename
  16008	    100	   3860	  19968	   4e00	versuch_1_hello_world.elf
Finished building: default.size.stdout
 
12:05:43 **** Incremental Build of configuration Debug for project versuch_2_rgb ****
make -j8 all 
arm-none-eabi-size   versuch_2_rgb.elf 
   text	   data	    bss	    dec	    hex	filename
  15592	     20	   3564	  19176	   4ae8	versuch_2_rgb.elf
Finished building: default.size.stdout
 
12:05:44 **** Incremental Build of configuration Debug for project versuch_2_timer ****
make -j8 all 
arm-none-eabi-size   versuch_2_timer.elf 
   text	   data	    bss	    dec	    hex	filename
  18780	    100	   4028	  22908	   597c	versuch_2_timer.elf
Finished building: default.size.stdout
 
12:05:44 **** Incremental Build of configuration Debug for project versuch_3_interfaces ****
make -j8 all 
arm-none-eabi-size   versuch_3_interfaces.elf 
   text	   data	    bss	    dec	    hex	filename
  18020	    100	   3892	  22012	   55fc	versuch_3_interfaces.elf
Finished building: default.size.stdout
 
12:07:03 **** Incremental Build of configuration Debug for project Versuch_3_IIC ****
make -j8 all 
arm-none-eabi-gcc "../Core/Src/main.c" -mcpu=cortex-m4 -std=gnu11 -g3 -DDEBUG -DUSE_HAL_DRIVER -DSTM32F429xx -c -I../Core/Inc -I../Drivers/STM32F4xx_HAL_Driver/Inc -I../Drivers/STM32F4xx_HAL_Driver/Inc/Legacy -I../Drivers/CMSIS/Device/ST/STM32F4xx/Include -I../Drivers/CMSIS/Include -O0 -ffunction-sections -fdata-sections -Wall -fstack-usage -fcyclomatic-complexity -MMD -MP -MF"Core/Src/main.d" -MT"Core/Src/main.o" --specs=nano.specs -mfpu=fpv4-sp-d16 -mfloat-abi=hard -mthumb -o "Core/Src/main.o"
../Core/Src/main.c: In function 'main':
../Core/Src/main.c:136:19: warning: implicit declaration of function 'snprintf' [-Wimplicit-function-declaration]
  136 |                   snprintf((char*)buf, "Test");
      |                   ^~~~~~~~
../Core/Src/main.c:23:1: note: include '<stdio.h>' or provide a declaration of 'snprintf'
   22 | #include "lcd.h"
  +++ |+#include <stdio.h>
   23 | 
../Core/Src/main.c:136:19: warning: incompatible implicit declaration of built-in function 'snprintf' [-Wbuiltin-declaration-mismatch]
  136 |                   snprintf((char*)buf, "Test");
      |                   ^~~~~~~~
../Core/Src/main.c:136:19: note: include '<stdio.h>' or provide a declaration of 'snprintf'
../Core/Src/main.c:136:40: warning: passing argument 2 of 'snprintf' makes integer from pointer without a cast [-Wint-conversion]
  136 |                   snprintf((char*)buf, "Test");
      |                                        ^~~~~~
      |                                        |
      |                                        char *
../Core/Src/main.c:136:40: note: expected 'unsigned int' but argument is of type 'char *'
../Core/Src/main.c:136:19: error: too few arguments to function 'snprintf'
  136 |                   snprintf((char*)buf, "Test");
      |                   ^~~~~~~~
At top level:
../Core/Src/main.c:61:22: warning: 'REG_LCD' defined but not used [-Wunused-const-variable=]
   61 | static const uint8_t REG_LCD = 0x00;
      |                      ^~~~~~~
make: *** [Core/Src/subdir.mk:37: Core/Src/main.o] Error 1
"make -j8 all" terminated with exit code 2. Build might be incomplete.
12:07:04 **** Incremental Build of configuration Debug for project versuch_1_hello_world ****
make -j8 all 
arm-none-eabi-size   versuch_1_hello_world.elf 
   text	   data	    bss	    dec	    hex	filename
  16008	    100	   3860	  19968	   4e00	versuch_1_hello_world.elf
Finished building: default.size.stdout
 
12:07:04 **** Incremental Build of configuration Debug for project versuch_2_rgb ****
make -j8 all 
arm-none-eabi-size   versuch_2_rgb.elf 
   text	   data	    bss	    dec	    hex	filename
  15592	     20	   3564	  19176	   4ae8	versuch_2_rgb.elf
Finished building: default.size.stdout
 
12:07:05 **** Incremental Build of configuration Debug for project versuch_2_timer ****
make -j8 all 
arm-none-eabi-size   versuch_2_timer.elf 
   text	   data	    bss	    dec	    hex	filename
  18780	    100	   4028	  22908	   597c	versuch_2_timer.elf
Finished building: default.size.stdout
 
12:07:06 **** Incremental Build of configuration Debug for project versuch_3_interfaces ****
make -j8 all 
arm-none-eabi-size   versuch_3_interfaces.elf 
   text	   data	    bss	    dec	    hex	filename
  18020	    100	   3892	  22012	   55fc	versuch_3_interfaces.elf
Finished building: default.size.stdout
 
12:07:17 **** Incremental Build of configuration Debug for project Versuch_3_IIC ****
make -j8 all 
arm-none-eabi-gcc "../Core/Src/main.c" -mcpu=cortex-m4 -std=gnu11 -g3 -DDEBUG -DUSE_HAL_DRIVER -DSTM32F429xx -c -I../Core/Inc -I../Drivers/STM32F4xx_HAL_Driver/Inc -I../Drivers/STM32F4xx_HAL_Driver/Inc/Legacy -I../Drivers/CMSIS/Device/ST/STM32F4xx/Include -I../Drivers/CMSIS/Include -O0 -ffunction-sections -fdata-sections -Wall -fstack-usage -fcyclomatic-complexity -MMD -MP -MF"Core/Src/main.d" -MT"Core/Src/main.o" --specs=nano.specs -mfpu=fpv4-sp-d16 -mfloat-abi=hard -mthumb -o "Core/Src/main.o"
../Core/Src/main.c:61:22: warning: 'REG_LCD' defined but not used [-Wunused-const-variable=]
   61 | static const uint8_t REG_LCD = 0x00;
      |                      ^~~~~~~
arm-none-eabi-gcc -o "Versuch_3_IIC.elf" @"objects.list"   -mcpu=cortex-m4 -T"C:\Users\iremg\STM32CubeIDE\workspace_1.13.2\Versuch_3_IIC\STM32F429ZITX_FLASH.ld" --specs=nosys.specs -Wl,-Map="Versuch_3_IIC.map" -Wl,--gc-sections -static --specs=nano.specs -mfpu=fpv4-sp-d16 -mfloat-abi=hard -mthumb -Wl,--start-group -lc -lm -Wl,--end-group
Finished building target: Versuch_3_IIC.elf
 
arm-none-eabi-size   Versuch_3_IIC.elf 
arm-none-eabi-objdump -h -S  Versuch_3_IIC.elf  > "Versuch_3_IIC.list"
   text	   data	    bss	    dec	    hex	filename
  18268	     20	   3588	  21876	   5574	Versuch_3_IIC.elf
Finished building: default.size.stdout
 
Finished building: Versuch_3_IIC.list
 
12:07:19 **** Incremental Build of configuration Debug for project versuch_1_hello_world ****
make -j8 all 
arm-none-eabi-size   versuch_1_hello_world.elf 
   text	   data	    bss	    dec	    hex	filename
  16008	    100	   3860	  19968	   4e00	versuch_1_hello_world.elf
Finished building: default.size.stdout
 
12:07:19 **** Incremental Build of configuration Debug for project versuch_2_rgb ****
make -j8 all 
arm-none-eabi-size   versuch_2_rgb.elf 
   text	   data	    bss	    dec	    hex	filename
  15592	     20	   3564	  19176	   4ae8	versuch_2_rgb.elf
Finished building: default.size.stdout
 
12:07:20 **** Incremental Build of configuration Debug for project versuch_2_timer ****
make -j8 all 
arm-none-eabi-size   versuch_2_timer.elf 
   text	   data	    bss	    dec	    hex	filename
  18780	    100	   4028	  22908	   597c	versuch_2_timer.elf
Finished building: default.size.stdout
 
12:07:21 **** Incremental Build of configuration Debug for project versuch_3_interfaces ****
make -j8 all 
arm-none-eabi-size   versuch_3_interfaces.elf 
   text	   data	    bss	    dec	    hex	filename
  18020	    100	   3892	  22012	   55fc	versuch_3_interfaces.elf
Finished building: default.size.stdout
 
12:07:24 **** Incremental Build of configuration Debug for project Versuch_3_IIC ****
make -j8 all 
arm-none-eabi-size   Versuch_3_IIC.elf 
   text	   data	    bss	    dec	    hex	filename
  18268	     20	   3588	  21876	   5574	Versuch_3_IIC.elf
Finished building: default.size.stdout
 
12:07:45 **** Incremental Build of configuration Debug for project Versuch_3_IIC ****
make -j8 all 
arm-none-eabi-gcc "../Core/Src/main.c" -mcpu=cortex-m4 -std=gnu11 -g3 -DDEBUG -DUSE_HAL_DRIVER -DSTM32F429xx -c -I../Core/Inc -I../Drivers/STM32F4xx_HAL_Driver/Inc -I../Drivers/STM32F4xx_HAL_Driver/Inc/Legacy -I../Drivers/CMSIS/Device/ST/STM32F4xx/Include -I../Drivers/CMSIS/Include -O0 -ffunction-sections -fdata-sections -Wall -fstack-usage -fcyclomatic-complexity -MMD -MP -MF"Core/Src/main.d" -MT"Core/Src/main.o" --specs=nano.specs -mfpu=fpv4-sp-d16 -mfloat-abi=hard -mthumb -o "Core/Src/main.o"
../Core/Src/main.c:61:22: warning: 'REG_LCD' defined but not used [-Wunused-const-variable=]
   61 | static const uint8_t REG_LCD = 0x00;
      |                      ^~~~~~~
arm-none-eabi-gcc -o "Versuch_3_IIC.elf" @"objects.list"   -mcpu=cortex-m4 -T"C:\Users\iremg\STM32CubeIDE\workspace_1.13.2\Versuch_3_IIC\STM32F429ZITX_FLASH.ld" --specs=nosys.specs -Wl,-Map="Versuch_3_IIC.map" -Wl,--gc-sections -static --specs=nano.specs -mfpu=fpv4-sp-d16 -mfloat-abi=hard -mthumb -Wl,--start-group -lc -lm -Wl,--end-group
Finished building target: Versuch_3_IIC.elf
 
arm-none-eabi-size   Versuch_3_IIC.elf 
arm-none-eabi-objdump -h -S  Versuch_3_IIC.elf  > "Versuch_3_IIC.list"
   text	   data	    bss	    dec	    hex	filename
  18268	     20	   3588	  21876	   5574	Versuch_3_IIC.elf
Finished building: default.size.stdout
 
Finished building: Versuch_3_IIC.list
 
12:07:47 **** Incremental Build of configuration Debug for project versuch_1_hello_world ****
make -j8 all 
arm-none-eabi-size   versuch_1_hello_world.elf 
   text	   data	    bss	    dec	    hex	filename
  16008	    100	   3860	  19968	   4e00	versuch_1_hello_world.elf
Finished building: default.size.stdout
 
12:07:48 **** Incremental Build of configuration Debug for project versuch_2_rgb ****
make -j8 all 
arm-none-eabi-size   versuch_2_rgb.elf 
   text	   data	    bss	    dec	    hex	filename
  15592	     20	   3564	  19176	   4ae8	versuch_2_rgb.elf
Finished building: default.size.stdout
 
12:07:48 **** Incremental Build of configuration Debug for project versuch_2_timer ****
make -j8 all 
arm-none-eabi-size   versuch_2_timer.elf 
   text	   data	    bss	    dec	    hex	filename
  18780	    100	   4028	  22908	   597c	versuch_2_timer.elf
Finished building: default.size.stdout
 
12:07:49 **** Incremental Build of configuration Debug for project versuch_3_interfaces ****
make -j8 all 
arm-none-eabi-size   versuch_3_interfaces.elf 
   text	   data	    bss	    dec	    hex	filename
  18020	    100	   3892	  22012	   55fc	versuch_3_interfaces.elf
Finished building: default.size.stdout
 
12:07:51 **** Incremental Build of configuration Debug for project Versuch_3_IIC ****
make -j8 all 
arm-none-eabi-size   Versuch_3_IIC.elf 
   text	   data	    bss	    dec	    hex	filename
  18268	     20	   3588	  21876	   5574	Versuch_3_IIC.elf
Finished building: default.size.stdout
 
12:10:45 **** Incremental Build of configuration Debug for project Versuch_3_IIC ****
make -j8 all 
arm-none-eabi-gcc "../Core/Src/main.c" -mcpu=cortex-m4 -std=gnu11 -g3 -DDEBUG -DUSE_HAL_DRIVER -DSTM32F429xx -c -I../Core/Inc -I../Drivers/STM32F4xx_HAL_Driver/Inc -I../Drivers/STM32F4xx_HAL_Driver/Inc/Legacy -I../Drivers/CMSIS/Device/ST/STM32F4xx/Include -I../Drivers/CMSIS/Include -O0 -ffunction-sections -fdata-sections -Wall -fstack-usage -fcyclomatic-complexity -MMD -MP -MF"Core/Src/main.d" -MT"Core/Src/main.o" --specs=nano.specs -mfpu=fpv4-sp-d16 -mfloat-abi=hard -mthumb -o "Core/Src/main.o"
../Core/Src/main.c: In function 'main':
../Core/Src/main.c:90:17: warning: unused variable 'buf' [-Wunused-variable]
   90 |         uint8_t buf[12];
      |                 ^~~
../Core/Src/main.c:89:30: warning: unused variable 'dev_address' [-Wunused-variable]
   89 |         static const uint8_t dev_address = 0x27 << 1;
      |                              ^~~~~~~~~~~
../Core/Src/main.c:87:27: warning: unused variable 'ret1' [-Wunused-variable]
   87 |         HAL_StatusTypeDef ret1;
      |                           ^~~~
At top level:
../Core/Src/main.c:89:30: warning: 'dev_address' defined but not used [-Wunused-const-variable=]
   89 |         static const uint8_t dev_address = 0x27 << 1;
      |                              ^~~~~~~~~~~
../Core/Src/main.c:61:22: warning: 'REG_LCD' defined but not used [-Wunused-const-variable=]
   61 | static const uint8_t REG_LCD = 0x00;
      |                      ^~~~~~~
arm-none-eabi-gcc -o "Versuch_3_IIC.elf" @"objects.list"   -mcpu=cortex-m4 -T"C:\Users\iremg\STM32CubeIDE\workspace_1.13.2\Versuch_3_IIC\STM32F429ZITX_FLASH.ld" --specs=nosys.specs -Wl,-Map="Versuch_3_IIC.map" -Wl,--gc-sections -static --specs=nano.specs -mfpu=fpv4-sp-d16 -mfloat-abi=hard -mthumb -Wl,--start-group -lc -lm -Wl,--end-group
Finished building target: Versuch_3_IIC.elf
 
arm-none-eabi-size   Versuch_3_IIC.elf 
arm-none-eabi-objdump -h -S  Versuch_3_IIC.elf  > "Versuch_3_IIC.list"
   text	   data	    bss	    dec	    hex	filename
  16432	     20	   3588	  20040	   4e48	Versuch_3_IIC.elf
Finished building: default.size.stdout
 
Finished building: Versuch_3_IIC.list
 
12:10:47 **** Incremental Build of configuration Debug for project versuch_1_hello_world ****
make -j8 all 
arm-none-eabi-size   versuch_1_hello_world.elf 
   text	   data	    bss	    dec	    hex	filename
  16008	    100	   3860	  19968	   4e00	versuch_1_hello_world.elf
Finished building: default.size.stdout
 
12:10:47 **** Incremental Build of configuration Debug for project versuch_2_rgb ****
make -j8 all 
arm-none-eabi-size   versuch_2_rgb.elf 
   text	   data	    bss	    dec	    hex	filename
  15592	     20	   3564	  19176	   4ae8	versuch_2_rgb.elf
Finished building: default.size.stdout
 
12:10:48 **** Incremental Build of configuration Debug for project versuch_2_timer ****
make -j8 all 
arm-none-eabi-size   versuch_2_timer.elf 
   text	   data	    bss	    dec	    hex	filename
  18780	    100	   4028	  22908	   597c	versuch_2_timer.elf
Finished building: default.size.stdout
 
12:10:49 **** Incremental Build of configuration Debug for project versuch_3_interfaces ****
make -j8 all 
arm-none-eabi-size   versuch_3_interfaces.elf 
   text	   data	    bss	    dec	    hex	filename
  18020	    100	   3892	  22012	   55fc	versuch_3_interfaces.elf
Finished building: default.size.stdout
 
12:10:51 **** Incremental Build of configuration Debug for project Versuch_3_IIC ****
make -j8 all 
arm-none-eabi-size   Versuch_3_IIC.elf 
   text	   data	    bss	    dec	    hex	filename
  16432	     20	   3588	  20040	   4e48	Versuch_3_IIC.elf
Finished building: default.size.stdout
 
12:12:07 **** Incremental Build of configuration Debug for project Versuch_3_IIC ****
make -j8 all 
arm-none-eabi-size   Versuch_3_IIC.elf 
   text	   data	    bss	    dec	    hex	filename
  16432	     20	   3588	  20040	   4e48	Versuch_3_IIC.elf
Finished building: default.size.stdout
 
12:12:08 **** Incremental Build of configuration Debug for project versuch_1_hello_world ****
make -j8 all 
arm-none-eabi-size   versuch_1_hello_world.elf 
   text	   data	    bss	    dec	    hex	filename
  16008	    100	   3860	  19968	   4e00	versuch_1_hello_world.elf
Finished building: default.size.stdout
 
12:12:09 **** Incremental Build of configuration Debug for project versuch_2_rgb ****
make -j8 all 
arm-none-eabi-size   versuch_2_rgb.elf 
   text	   data	    bss	    dec	    hex	filename
  15592	     20	   3564	  19176	   4ae8	versuch_2_rgb.elf
Finished building: default.size.stdout
 
12:12:09 **** Incremental Build of configuration Debug for project versuch_2_timer ****
make -j8 all 
arm-none-eabi-size   versuch_2_timer.elf 
   text	   data	    bss	    dec	    hex	filename
  18780	    100	   4028	  22908	   597c	versuch_2_timer.elf
Finished building: default.size.stdout
 
12:12:10 **** Incremental Build of configuration Debug for project versuch_3_interfaces ****
make -j8 all 
arm-none-eabi-size   versuch_3_interfaces.elf 
   text	   data	    bss	    dec	    hex	filename
  18020	    100	   3892	  22012	   55fc	versuch_3_interfaces.elf
Finished building: default.size.stdout
 
20:24:10 **** Build of configuration Debug for project versuch_3_SPI ****
make -j8 all 
arm-none-eabi-gcc "../Drivers/STM32F4xx_HAL_Driver/Src/stm32f4xx_hal.c" -mcpu=cortex-m4 -std=gnu11 -g3 -DDEBUG -DUSE_HAL_DRIVER -DSTM32F429xx -c -I../Core/Inc -I../Drivers/STM32F4xx_HAL_Driver/Inc -I../Drivers/STM32F4xx_HAL_Driver/Inc/Legacy -I../Drivers/CMSIS/Device/ST/STM32F4xx/Include -I../Drivers/CMSIS/Include -O0 -ffunction-sections -fdata-sections -Wall -fstack-usage -fcyclomatic-complexity -MMD -MP -MF"Drivers/STM32F4xx_HAL_Driver/Src/stm32f4xx_hal.d" -MT"Drivers/STM32F4xx_HAL_Driver/Src/stm32f4xx_hal.o" --specs=nano.specs -mfpu=fpv4-sp-d16 -mfloat-abi=hard -mthumb -o "Drivers/STM32F4xx_HAL_Driver/Src/stm32f4xx_hal.o"
arm-none-eabi-gcc "../Drivers/STM32F4xx_HAL_Driver/Src/stm32f4xx_hal_cortex.c" -mcpu=cortex-m4 -std=gnu11 -g3 -DDEBUG -DUSE_HAL_DRIVER -DSTM32F429xx -c -I../Core/Inc -I../Drivers/STM32F4xx_HAL_Driver/Inc -I../Drivers/STM32F4xx_HAL_Driver/Inc/Legacy -I../Drivers/CMSIS/Device/ST/STM32F4xx/Include -I../Drivers/CMSIS/Include -O0 -ffunction-sections -fdata-sections -Wall -fstack-usage -fcyclomatic-complexity -MMD -MP -MF"Drivers/STM32F4xx_HAL_Driver/Src/stm32f4xx_hal_cortex.d" -MT"Drivers/STM32F4xx_HAL_Driver/Src/stm32f4xx_hal_cortex.o" --specs=nano.specs -mfpu=fpv4-sp-d16 -mfloat-abi=hard -mthumb -o "Drivers/STM32F4xx_HAL_Driver/Src/stm32f4xx_hal_cortex.o"
arm-none-eabi-gcc "../Drivers/STM32F4xx_HAL_Driver/Src/stm32f4xx_hal_dma.c" -mcpu=cortex-m4 -std=gnu11 -g3 -DDEBUG -DUSE_HAL_DRIVER -DSTM32F429xx -c -I../Core/Inc -I../Drivers/STM32F4xx_HAL_Driver/Inc -I../Drivers/STM32F4xx_HAL_Driver/Inc/Legacy -I../Drivers/CMSIS/Device/ST/STM32F4xx/Include -I../Drivers/CMSIS/Include -O0 -ffunction-sections -fdata-sections -Wall -fstack-usage -fcyclomatic-complexity -MMD -MP -MF"Drivers/STM32F4xx_HAL_Driver/Src/stm32f4xx_hal_dma.d" -MT"Drivers/STM32F4xx_HAL_Driver/Src/stm32f4xx_hal_dma.o" --specs=nano.specs -mfpu=fpv4-sp-d16 -mfloat-abi=hard -mthumb -o "Drivers/STM32F4xx_HAL_Driver/Src/stm32f4xx_hal_dma.o"
arm-none-eabi-gcc "../Drivers/STM32F4xx_HAL_Driver/Src/stm32f4xx_hal_dma_ex.c" -mcpu=cortex-m4 -std=gnu11 -g3 -DDEBUG -DUSE_HAL_DRIVER -DSTM32F429xx -c -I../Core/Inc -I../Drivers/STM32F4xx_HAL_Driver/Inc -I../Drivers/STM32F4xx_HAL_Driver/Inc/Legacy -I../Drivers/CMSIS/Device/ST/STM32F4xx/Include -I../Drivers/CMSIS/Include -O0 -ffunction-sections -fdata-sections -Wall -fstack-usage -fcyclomatic-complexity -MMD -MP -MF"Drivers/STM32F4xx_HAL_Driver/Src/stm32f4xx_hal_dma_ex.d" -MT"Drivers/STM32F4xx_HAL_Driver/Src/stm32f4xx_hal_dma_ex.o" --specs=nano.specs -mfpu=fpv4-sp-d16 -mfloat-abi=hard -mthumb -o "Drivers/STM32F4xx_HAL_Driver/Src/stm32f4xx_hal_dma_ex.o"
arm-none-eabi-gcc "../Drivers/STM32F4xx_HAL_Driver/Src/stm32f4xx_hal_eth.c" -mcpu=cortex-m4 -std=gnu11 -g3 -DDEBUG -DUSE_HAL_DRIVER -DSTM32F429xx -c -I../Core/Inc -I../Drivers/STM32F4xx_HAL_Driver/Inc -I../Drivers/STM32F4xx_HAL_Driver/Inc/Legacy -I../Drivers/CMSIS/Device/ST/STM32F4xx/Include -I../Drivers/CMSIS/Include -O0 -ffunction-sections -fdata-sections -Wall -fstack-usage -fcyclomatic-complexity -MMD -MP -MF"Drivers/STM32F4xx_HAL_Driver/Src/stm32f4xx_hal_eth.d" -MT"Drivers/STM32F4xx_HAL_Driver/Src/stm32f4xx_hal_eth.o" --specs=nano.specs -mfpu=fpv4-sp-d16 -mfloat-abi=hard -mthumb -o "Drivers/STM32F4xx_HAL_Driver/Src/stm32f4xx_hal_eth.o"
arm-none-eabi-gcc "../Drivers/STM32F4xx_HAL_Driver/Src/stm32f4xx_hal_exti.c" -mcpu=cortex-m4 -std=gnu11 -g3 -DDEBUG -DUSE_HAL_DRIVER -DSTM32F429xx -c -I../Core/Inc -I../Drivers/STM32F4xx_HAL_Driver/Inc -I../Drivers/STM32F4xx_HAL_Driver/Inc/Legacy -I../Drivers/CMSIS/Device/ST/STM32F4xx/Include -I../Drivers/CMSIS/Include -O0 -ffunction-sections -fdata-sections -Wall -fstack-usage -fcyclomatic-complexity -MMD -MP -MF"Drivers/STM32F4xx_HAL_Driver/Src/stm32f4xx_hal_exti.d" -MT"Drivers/STM32F4xx_HAL_Driver/Src/stm32f4xx_hal_exti.o" --specs=nano.specs -mfpu=fpv4-sp-d16 -mfloat-abi=hard -mthumb -o "Drivers/STM32F4xx_HAL_Driver/Src/stm32f4xx_hal_exti.o"
arm-none-eabi-gcc "../Drivers/STM32F4xx_HAL_Driver/Src/stm32f4xx_hal_flash.c" -mcpu=cortex-m4 -std=gnu11 -g3 -DDEBUG -DUSE_HAL_DRIVER -DSTM32F429xx -c -I../Core/Inc -I../Drivers/STM32F4xx_HAL_Driver/Inc -I../Drivers/STM32F4xx_HAL_Driver/Inc/Legacy -I../Drivers/CMSIS/Device/ST/STM32F4xx/Include -I../Drivers/CMSIS/Include -O0 -ffunction-sections -fdata-sections -Wall -fstack-usage -fcyclomatic-complexity -MMD -MP -MF"Drivers/STM32F4xx_HAL_Driver/Src/stm32f4xx_hal_flash.d" -MT"Drivers/STM32F4xx_HAL_Driver/Src/stm32f4xx_hal_flash.o" --specs=nano.specs -mfpu=fpv4-sp-d16 -mfloat-abi=hard -mthumb -o "Drivers/STM32F4xx_HAL_Driver/Src/stm32f4xx_hal_flash.o"
arm-none-eabi-gcc "../Drivers/STM32F4xx_HAL_Driver/Src/stm32f4xx_hal_flash_ex.c" -mcpu=cortex-m4 -std=gnu11 -g3 -DDEBUG -DUSE_HAL_DRIVER -DSTM32F429xx -c -I../Core/Inc -I../Drivers/STM32F4xx_HAL_Driver/Inc -I../Drivers/STM32F4xx_HAL_Driver/Inc/Legacy -I../Drivers/CMSIS/Device/ST/STM32F4xx/Include -I../Drivers/CMSIS/Include -O0 -ffunction-sections -fdata-sections -Wall -fstack-usage -fcyclomatic-complexity -MMD -MP -MF"Drivers/STM32F4xx_HAL_Driver/Src/stm32f4xx_hal_flash_ex.d" -MT"Drivers/STM32F4xx_HAL_Driver/Src/stm32f4xx_hal_flash_ex.o" --specs=nano.specs -mfpu=fpv4-sp-d16 -mfloat-abi=hard -mthumb -o "Drivers/STM32F4xx_HAL_Driver/Src/stm32f4xx_hal_flash_ex.o"
arm-none-eabi-gcc "../Drivers/STM32F4xx_HAL_Driver/Src/stm32f4xx_hal_flash_ramfunc.c" -mcpu=cortex-m4 -std=gnu11 -g3 -DDEBUG -DUSE_HAL_DRIVER -DSTM32F429xx -c -I../Core/Inc -I../Drivers/STM32F4xx_HAL_Driver/Inc -I../Drivers/STM32F4xx_HAL_Driver/Inc/Legacy -I../Drivers/CMSIS/Device/ST/STM32F4xx/Include -I../Drivers/CMSIS/Include -O0 -ffunction-sections -fdata-sections -Wall -fstack-usage -fcyclomatic-complexity -MMD -MP -MF"Drivers/STM32F4xx_HAL_Driver/Src/stm32f4xx_hal_flash_ramfunc.d" -MT"Drivers/STM32F4xx_HAL_Driver/Src/stm32f4xx_hal_flash_ramfunc.o" --specs=nano.specs -mfpu=fpv4-sp-d16 -mfloat-abi=hard -mthumb -o "Drivers/STM32F4xx_HAL_Driver/Src/stm32f4xx_hal_flash_ramfunc.o"
arm-none-eabi-gcc "../Drivers/STM32F4xx_HAL_Driver/Src/stm32f4xx_hal_gpio.c" -mcpu=cortex-m4 -std=gnu11 -g3 -DDEBUG -DUSE_HAL_DRIVER -DSTM32F429xx -c -I../Core/Inc -I../Drivers/STM32F4xx_HAL_Driver/Inc -I../Drivers/STM32F4xx_HAL_Driver/Inc/Legacy -I../Drivers/CMSIS/Device/ST/STM32F4xx/Include -I../Drivers/CMSIS/Include -O0 -ffunction-sections -fdata-sections -Wall -fstack-usage -fcyclomatic-complexity -MMD -MP -MF"Drivers/STM32F4xx_HAL_Driver/Src/stm32f4xx_hal_gpio.d" -MT"Drivers/STM32F4xx_HAL_Driver/Src/stm32f4xx_hal_gpio.o" --specs=nano.specs -mfpu=fpv4-sp-d16 -mfloat-abi=hard -mthumb -o "Drivers/STM32F4xx_HAL_Driver/Src/stm32f4xx_hal_gpio.o"
arm-none-eabi-gcc "../Drivers/STM32F4xx_HAL_Driver/Src/stm32f4xx_hal_pcd.c" -mcpu=cortex-m4 -std=gnu11 -g3 -DDEBUG -DUSE_HAL_DRIVER -DSTM32F429xx -c -I../Core/Inc -I../Drivers/STM32F4xx_HAL_Driver/Inc -I../Drivers/STM32F4xx_HAL_Driver/Inc/Legacy -I../Drivers/CMSIS/Device/ST/STM32F4xx/Include -I../Drivers/CMSIS/Include -O0 -ffunction-sections -fdata-sections -Wall -fstack-usage -fcyclomatic-complexity -MMD -MP -MF"Drivers/STM32F4xx_HAL_Driver/Src/stm32f4xx_hal_pcd.d" -MT"Drivers/STM32F4xx_HAL_Driver/Src/stm32f4xx_hal_pcd.o" --specs=nano.specs -mfpu=fpv4-sp-d16 -mfloat-abi=hard -mthumb -o "Drivers/STM32F4xx_HAL_Driver/Src/stm32f4xx_hal_pcd.o"
arm-none-eabi-gcc "../Drivers/STM32F4xx_HAL_Driver/Src/stm32f4xx_hal_pcd_ex.c" -mcpu=cortex-m4 -std=gnu11 -g3 -DDEBUG -DUSE_HAL_DRIVER -DSTM32F429xx -c -I../Core/Inc -I../Drivers/STM32F4xx_HAL_Driver/Inc -I../Drivers/STM32F4xx_HAL_Driver/Inc/Legacy -I../Drivers/CMSIS/Device/ST/STM32F4xx/Include -I../Drivers/CMSIS/Include -O0 -ffunction-sections -fdata-sections -Wall -fstack-usage -fcyclomatic-complexity -MMD -MP -MF"Drivers/STM32F4xx_HAL_Driver/Src/stm32f4xx_hal_pcd_ex.d" -MT"Drivers/STM32F4xx_HAL_Driver/Src/stm32f4xx_hal_pcd_ex.o" --specs=nano.specs -mfpu=fpv4-sp-d16 -mfloat-abi=hard -mthumb -o "Drivers/STM32F4xx_HAL_Driver/Src/stm32f4xx_hal_pcd_ex.o"
arm-none-eabi-gcc "../Drivers/STM32F4xx_HAL_Driver/Src/stm32f4xx_hal_pwr.c" -mcpu=cortex-m4 -std=gnu11 -g3 -DDEBUG -DUSE_HAL_DRIVER -DSTM32F429xx -c -I../Core/Inc -I../Drivers/STM32F4xx_HAL_Driver/Inc -I../Drivers/STM32F4xx_HAL_Driver/Inc/Legacy -I../Drivers/CMSIS/Device/ST/STM32F4xx/Include -I../Drivers/CMSIS/Include -O0 -ffunction-sections -fdata-sections -Wall -fstack-usage -fcyclomatic-complexity -MMD -MP -MF"Drivers/STM32F4xx_HAL_Driver/Src/stm32f4xx_hal_pwr.d" -MT"Drivers/STM32F4xx_HAL_Driver/Src/stm32f4xx_hal_pwr.o" --specs=nano.specs -mfpu=fpv4-sp-d16 -mfloat-abi=hard -mthumb -o "Drivers/STM32F4xx_HAL_Driver/Src/stm32f4xx_hal_pwr.o"
arm-none-eabi-gcc "../Drivers/STM32F4xx_HAL_Driver/Src/stm32f4xx_hal_pwr_ex.c" -mcpu=cortex-m4 -std=gnu11 -g3 -DDEBUG -DUSE_HAL_DRIVER -DSTM32F429xx -c -I../Core/Inc -I../Drivers/STM32F4xx_HAL_Driver/Inc -I../Drivers/STM32F4xx_HAL_Driver/Inc/Legacy -I../Drivers/CMSIS/Device/ST/STM32F4xx/Include -I../Drivers/CMSIS/Include -O0 -ffunction-sections -fdata-sections -Wall -fstack-usage -fcyclomatic-complexity -MMD -MP -MF"Drivers/STM32F4xx_HAL_Driver/Src/stm32f4xx_hal_pwr_ex.d" -MT"Drivers/STM32F4xx_HAL_Driver/Src/stm32f4xx_hal_pwr_ex.o" --specs=nano.specs -mfpu=fpv4-sp-d16 -mfloat-abi=hard -mthumb -o "Drivers/STM32F4xx_HAL_Driver/Src/stm32f4xx_hal_pwr_ex.o"
arm-none-eabi-gcc "../Drivers/STM32F4xx_HAL_Driver/Src/stm32f4xx_hal_rcc.c" -mcpu=cortex-m4 -std=gnu11 -g3 -DDEBUG -DUSE_HAL_DRIVER -DSTM32F429xx -c -I../Core/Inc -I../Drivers/STM32F4xx_HAL_Driver/Inc -I../Drivers/STM32F4xx_HAL_Driver/Inc/Legacy -I../Drivers/CMSIS/Device/ST/STM32F4xx/Include -I../Drivers/CMSIS/Include -O0 -ffunction-sections -fdata-sections -Wall -fstack-usage -fcyclomatic-complexity -MMD -MP -MF"Drivers/STM32F4xx_HAL_Driver/Src/stm32f4xx_hal_rcc.d" -MT"Drivers/STM32F4xx_HAL_Driver/Src/stm32f4xx_hal_rcc.o" --specs=nano.specs -mfpu=fpv4-sp-d16 -mfloat-abi=hard -mthumb -o "Drivers/STM32F4xx_HAL_Driver/Src/stm32f4xx_hal_rcc.o"
arm-none-eabi-gcc "../Drivers/STM32F4xx_HAL_Driver/Src/stm32f4xx_hal_rcc_ex.c" -mcpu=cortex-m4 -std=gnu11 -g3 -DDEBUG -DUSE_HAL_DRIVER -DSTM32F429xx -c -I../Core/Inc -I../Drivers/STM32F4xx_HAL_Driver/Inc -I../Drivers/STM32F4xx_HAL_Driver/Inc/Legacy -I../Drivers/CMSIS/Device/ST/STM32F4xx/Include -I../Drivers/CMSIS/Include -O0 -ffunction-sections -fdata-sections -Wall -fstack-usage -fcyclomatic-complexity -MMD -MP -MF"Drivers/STM32F4xx_HAL_Driver/Src/stm32f4xx_hal_rcc_ex.d" -MT"Drivers/STM32F4xx_HAL_Driver/Src/stm32f4xx_hal_rcc_ex.o" --specs=nano.specs -mfpu=fpv4-sp-d16 -mfloat-abi=hard -mthumb -o "Drivers/STM32F4xx_HAL_Driver/Src/stm32f4xx_hal_rcc_ex.o"
arm-none-eabi-gcc "../Drivers/STM32F4xx_HAL_Driver/Src/stm32f4xx_hal_spi.c" -mcpu=cortex-m4 -std=gnu11 -g3 -DDEBUG -DUSE_HAL_DRIVER -DSTM32F429xx -c -I../Core/Inc -I../Drivers/STM32F4xx_HAL_Driver/Inc -I../Drivers/STM32F4xx_HAL_Driver/Inc/Legacy -I../Drivers/CMSIS/Device/ST/STM32F4xx/Include -I../Drivers/CMSIS/Include -O0 -ffunction-sections -fdata-sections -Wall -fstack-usage -fcyclomatic-complexity -MMD -MP -MF"Drivers/STM32F4xx_HAL_Driver/Src/stm32f4xx_hal_spi.d" -MT"Drivers/STM32F4xx_HAL_Driver/Src/stm32f4xx_hal_spi.o" --specs=nano.specs -mfpu=fpv4-sp-d16 -mfloat-abi=hard -mthumb -o "Drivers/STM32F4xx_HAL_Driver/Src/stm32f4xx_hal_spi.o"
arm-none-eabi-gcc "../Drivers/STM32F4xx_HAL_Driver/Src/stm32f4xx_hal_tim.c" -mcpu=cortex-m4 -std=gnu11 -g3 -DDEBUG -DUSE_HAL_DRIVER -DSTM32F429xx -c -I../Core/Inc -I../Drivers/STM32F4xx_HAL_Driver/Inc -I../Drivers/STM32F4xx_HAL_Driver/Inc/Legacy -I../Drivers/CMSIS/Device/ST/STM32F4xx/Include -I../Drivers/CMSIS/Include -O0 -ffunction-sections -fdata-sections -Wall -fstack-usage -fcyclomatic-complexity -MMD -MP -MF"Drivers/STM32F4xx_HAL_Driver/Src/stm32f4xx_hal_tim.d" -MT"Drivers/STM32F4xx_HAL_Driver/Src/stm32f4xx_hal_tim.o" --specs=nano.specs -mfpu=fpv4-sp-d16 -mfloat-abi=hard -mthumb -o "Drivers/STM32F4xx_HAL_Driver/Src/stm32f4xx_hal_tim.o"
arm-none-eabi-gcc "../Drivers/STM32F4xx_HAL_Driver/Src/stm32f4xx_hal_tim_ex.c" -mcpu=cortex-m4 -std=gnu11 -g3 -DDEBUG -DUSE_HAL_DRIVER -DSTM32F429xx -c -I../Core/Inc -I../Drivers/STM32F4xx_HAL_Driver/Inc -I../Drivers/STM32F4xx_HAL_Driver/Inc/Legacy -I../Drivers/CMSIS/Device/ST/STM32F4xx/Include -I../Drivers/CMSIS/Include -O0 -ffunction-sections -fdata-sections -Wall -fstack-usage -fcyclomatic-complexity -MMD -MP -MF"Drivers/STM32F4xx_HAL_Driver/Src/stm32f4xx_hal_tim_ex.d" -MT"Drivers/STM32F4xx_HAL_Driver/Src/stm32f4xx_hal_tim_ex.o" --specs=nano.specs -mfpu=fpv4-sp-d16 -mfloat-abi=hard -mthumb -o "Drivers/STM32F4xx_HAL_Driver/Src/stm32f4xx_hal_tim_ex.o"
arm-none-eabi-gcc "../Drivers/STM32F4xx_HAL_Driver/Src/stm32f4xx_hal_uart.c" -mcpu=cortex-m4 -std=gnu11 -g3 -DDEBUG -DUSE_HAL_DRIVER -DSTM32F429xx -c -I../Core/Inc -I../Drivers/STM32F4xx_HAL_Driver/Inc -I../Drivers/STM32F4xx_HAL_Driver/Inc/Legacy -I../Drivers/CMSIS/Device/ST/STM32F4xx/Include -I../Drivers/CMSIS/Include -O0 -ffunction-sections -fdata-sections -Wall -fstack-usage -fcyclomatic-complexity -MMD -MP -MF"Drivers/STM32F4xx_HAL_Driver/Src/stm32f4xx_hal_uart.d" -MT"Drivers/STM32F4xx_HAL_Driver/Src/stm32f4xx_hal_uart.o" --specs=nano.specs -mfpu=fpv4-sp-d16 -mfloat-abi=hard -mthumb -o "Drivers/STM32F4xx_HAL_Driver/Src/stm32f4xx_hal_uart.o"
arm-none-eabi-gcc "../Drivers/STM32F4xx_HAL_Driver/Src/stm32f4xx_ll_usb.c" -mcpu=cortex-m4 -std=gnu11 -g3 -DDEBUG -DUSE_HAL_DRIVER -DSTM32F429xx -c -I../Core/Inc -I../Drivers/STM32F4xx_HAL_Driver/Inc -I../Drivers/STM32F4xx_HAL_Driver/Inc/Legacy -I../Drivers/CMSIS/Device/ST/STM32F4xx/Include -I../Drivers/CMSIS/Include -O0 -ffunction-sections -fdata-sections -Wall -fstack-usage -fcyclomatic-complexity -MMD -MP -MF"Drivers/STM32F4xx_HAL_Driver/Src/stm32f4xx_ll_usb.d" -MT"Drivers/STM32F4xx_HAL_Driver/Src/stm32f4xx_ll_usb.o" --specs=nano.specs -mfpu=fpv4-sp-d16 -mfloat-abi=hard -mthumb -o "Drivers/STM32F4xx_HAL_Driver/Src/stm32f4xx_ll_usb.o"
arm-none-eabi-gcc -mcpu=cortex-m4 -g3 -DDEBUG -c -x assembler-with-cpp -MMD -MP -MF"Core/Startup/startup_stm32f429zitx.d" -MT"Core/Startup/startup_stm32f429zitx.o" --specs=nano.specs -mfpu=fpv4-sp-d16 -mfloat-abi=hard -mthumb -o "Core/Startup/startup_stm32f429zitx.o" "../Core/Startup/startup_stm32f429zitx.s"
arm-none-eabi-gcc "../Core/Src/BMP280/bmp280.c" -mcpu=cortex-m4 -std=gnu11 -g3 -DDEBUG -DUSE_HAL_DRIVER -DSTM32F429xx -c -I../Core/Inc -I../Drivers/STM32F4xx_HAL_Driver/Inc -I../Drivers/STM32F4xx_HAL_Driver/Inc/Legacy -I../Drivers/CMSIS/Device/ST/STM32F4xx/Include -I../Drivers/CMSIS/Include -O0 -ffunction-sections -fdata-sections -Wall -fstack-usage -fcyclomatic-complexity -MMD -MP -MF"Core/Src/BMP280/bmp280.d" -MT"Core/Src/BMP280/bmp280.o" --specs=nano.specs -mfpu=fpv4-sp-d16 -mfloat-abi=hard -mthumb -o "Core/Src/BMP280/bmp280.o"
arm-none-eabi-gcc "../Core/Src/main.c" -mcpu=cortex-m4 -std=gnu11 -g3 -DDEBUG -DUSE_HAL_DRIVER -DSTM32F429xx -c -I../Core/Inc -I../Drivers/STM32F4xx_HAL_Driver/Inc -I../Drivers/STM32F4xx_HAL_Driver/Inc/Legacy -I../Drivers/CMSIS/Device/ST/STM32F4xx/Include -I../Drivers/CMSIS/Include -O0 -ffunction-sections -fdata-sections -Wall -fstack-usage -fcyclomatic-complexity -MMD -MP -MF"Core/Src/main.d" -MT"Core/Src/main.o" --specs=nano.specs -mfpu=fpv4-sp-d16 -mfloat-abi=hard -mthumb -o "Core/Src/main.o"
../Core/Src/BMP280/bmp280.c: In function 'read_register16':
../Core/Src/BMP280/bmp280.c:68:1: warning: no return statement in function returning non-void [-Wreturn-type]
   68 | }
      | ^
../Core/Src/BMP280/bmp280.c: In function 'read_data':
../Core/Src/BMP280/bmp280.c:76:1: warning: no return statement in function returning non-void [-Wreturn-type]
   76 | }
      | ^
../Core/Src/BMP280/bmp280.c: In function 'write_register8':
../Core/Src/BMP280/bmp280.c:83:1: warning: no return statement in function returning non-void [-Wreturn-type]
   83 | }
      | ^
arm-none-eabi-gcc "../Core/Src/stm32f4xx_hal_msp.c" -mcpu=cortex-m4 -std=gnu11 -g3 -DDEBUG -DUSE_HAL_DRIVER -DSTM32F429xx -c -I../Core/Inc -I../Drivers/STM32F4xx_HAL_Driver/Inc -I../Drivers/STM32F4xx_HAL_Driver/Inc/Legacy -I../Drivers/CMSIS/Device/ST/STM32F4xx/Include -I../Drivers/CMSIS/Include -O0 -ffunction-sections -fdata-sections -Wall -fstack-usage -fcyclomatic-complexity -MMD -MP -MF"Core/Src/stm32f4xx_hal_msp.d" -MT"Core/Src/stm32f4xx_hal_msp.o" --specs=nano.specs -mfpu=fpv4-sp-d16 -mfloat-abi=hard -mthumb -o "Core/Src/stm32f4xx_hal_msp.o"
arm-none-eabi-gcc "../Core/Src/stm32f4xx_it.c" -mcpu=cortex-m4 -std=gnu11 -g3 -DDEBUG -DUSE_HAL_DRIVER -DSTM32F429xx -c -I../Core/Inc -I../Drivers/STM32F4xx_HAL_Driver/Inc -I../Drivers/STM32F4xx_HAL_Driver/Inc/Legacy -I../Drivers/CMSIS/Device/ST/STM32F4xx/Include -I../Drivers/CMSIS/Include -O0 -ffunction-sections -fdata-sections -Wall -fstack-usage -fcyclomatic-complexity -MMD -MP -MF"Core/Src/stm32f4xx_it.d" -MT"Core/Src/stm32f4xx_it.o" --specs=nano.specs -mfpu=fpv4-sp-d16 -mfloat-abi=hard -mthumb -o "Core/Src/stm32f4xx_it.o"
arm-none-eabi-gcc "../Core/Src/syscalls.c" -mcpu=cortex-m4 -std=gnu11 -g3 -DDEBUG -DUSE_HAL_DRIVER -DSTM32F429xx -c -I../Core/Inc -I../Drivers/STM32F4xx_HAL_Driver/Inc -I../Drivers/STM32F4xx_HAL_Driver/Inc/Legacy -I../Drivers/CMSIS/Device/ST/STM32F4xx/Include -I../Drivers/CMSIS/Include -O0 -ffunction-sections -fdata-sections -Wall -fstack-usage -fcyclomatic-complexity -MMD -MP -MF"Core/Src/syscalls.d" -MT"Core/Src/syscalls.o" --specs=nano.specs -mfpu=fpv4-sp-d16 -mfloat-abi=hard -mthumb -o "Core/Src/syscalls.o"
arm-none-eabi-gcc "../Core/Src/sysmem.c" -mcpu=cortex-m4 -std=gnu11 -g3 -DDEBUG -DUSE_HAL_DRIVER -DSTM32F429xx -c -I../Core/Inc -I../Drivers/STM32F4xx_HAL_Driver/Inc -I../Drivers/STM32F4xx_HAL_Driver/Inc/Legacy -I../Drivers/CMSIS/Device/ST/STM32F4xx/Include -I../Drivers/CMSIS/Include -O0 -ffunction-sections -fdata-sections -Wall -fstack-usage -fcyclomatic-complexity -MMD -MP -MF"Core/Src/sysmem.d" -MT"Core/Src/sysmem.o" --specs=nano.specs -mfpu=fpv4-sp-d16 -mfloat-abi=hard -mthumb -o "Core/Src/sysmem.o"
arm-none-eabi-gcc "../Core/Src/system_stm32f4xx.c" -mcpu=cortex-m4 -std=gnu11 -g3 -DDEBUG -DUSE_HAL_DRIVER -DSTM32F429xx -c -I../Core/Inc -I../Drivers/STM32F4xx_HAL_Driver/Inc -I../Drivers/STM32F4xx_HAL_Driver/Inc/Legacy -I../Drivers/CMSIS/Device/ST/STM32F4xx/Include -I../Drivers/CMSIS/Include -O0 -ffunction-sections -fdata-sections -Wall -fstack-usage -fcyclomatic-complexity -MMD -MP -MF"Core/Src/system_stm32f4xx.d" -MT"Core/Src/system_stm32f4xx.o" --specs=nano.specs -mfpu=fpv4-sp-d16 -mfloat-abi=hard -mthumb -o "Core/Src/system_stm32f4xx.o"
arm-none-eabi-gcc -o "versuch_3_SPI.elf" @"objects.list"   -mcpu=cortex-m4 -T"C:\Users\iremg\STM32CubeIDE\workspace_1.13.2\versuch_3_SPI\STM32F429ZITX_FLASH.ld" --specs=nosys.specs -Wl,-Map="versuch_3_SPI.map" -Wl,--gc-sections -static --specs=nano.specs -mfpu=fpv4-sp-d16 -mfloat-abi=hard -mthumb -Wl,--start-group -lc -lm -Wl,--end-group
Finished building target: versuch_3_SPI.elf
 
arm-none-eabi-size   versuch_3_SPI.elf 
arm-none-eabi-objdump -h -S  versuch_3_SPI.elf  > "versuch_3_SPI.list"
   text	   data	    bss	    dec	    hex	filename
  13056	     20	   3580	  16656	   4110	versuch_3_SPI.elf
Finished building: default.size.stdout
 
Finished building: versuch_3_SPI.list
 
20:24:22 **** Incremental Build of configuration Debug for project versuch_3_SPI ****
make -j8 all 
arm-none-eabi-size   versuch_3_SPI.elf 
   text	   data	    bss	    dec	    hex	filename
  13056	     20	   3580	  16656	   4110	versuch_3_SPI.elf
Finished building: default.size.stdout
 
20:25:58 **** Incremental Build of configuration Debug for project Versuch_3_IIC ****
make -j8 all 
arm-none-eabi-gcc "../Drivers/STM32F4xx_HAL_Driver/Src/stm32f4xx_hal.c" -mcpu=cortex-m4 -std=gnu11 -g3 -DDEBUG -DUSE_HAL_DRIVER -DSTM32F429xx -c -I../Core/Inc -I../Drivers/STM32F4xx_HAL_Driver/Inc -I../Drivers/STM32F4xx_HAL_Driver/Inc/Legacy -I../Drivers/CMSIS/Device/ST/STM32F4xx/Include -I../Drivers/CMSIS/Include -O0 -ffunction-sections -fdata-sections -Wall -fstack-usage -fcyclomatic-complexity -MMD -MP -MF"Drivers/STM32F4xx_HAL_Driver/Src/stm32f4xx_hal.d" -MT"Drivers/STM32F4xx_HAL_Driver/Src/stm32f4xx_hal.o" --specs=nano.specs -mfpu=fpv4-sp-d16 -mfloat-abi=hard -mthumb -o "Drivers/STM32F4xx_HAL_Driver/Src/stm32f4xx_hal.o"
arm-none-eabi-gcc "../Drivers/STM32F4xx_HAL_Driver/Src/stm32f4xx_hal_cortex.c" -mcpu=cortex-m4 -std=gnu11 -g3 -DDEBUG -DUSE_HAL_DRIVER -DSTM32F429xx -c -I../Core/Inc -I../Drivers/STM32F4xx_HAL_Driver/Inc -I../Drivers/STM32F4xx_HAL_Driver/Inc/Legacy -I../Drivers/CMSIS/Device/ST/STM32F4xx/Include -I../Drivers/CMSIS/Include -O0 -ffunction-sections -fdata-sections -Wall -fstack-usage -fcyclomatic-complexity -MMD -MP -MF"Drivers/STM32F4xx_HAL_Driver/Src/stm32f4xx_hal_cortex.d" -MT"Drivers/STM32F4xx_HAL_Driver/Src/stm32f4xx_hal_cortex.o" --specs=nano.specs -mfpu=fpv4-sp-d16 -mfloat-abi=hard -mthumb -o "Drivers/STM32F4xx_HAL_Driver/Src/stm32f4xx_hal_cortex.o"
arm-none-eabi-gcc "../Drivers/STM32F4xx_HAL_Driver/Src/stm32f4xx_hal_dma.c" -mcpu=cortex-m4 -std=gnu11 -g3 -DDEBUG -DUSE_HAL_DRIVER -DSTM32F429xx -c -I../Core/Inc -I../Drivers/STM32F4xx_HAL_Driver/Inc -I../Drivers/STM32F4xx_HAL_Driver/Inc/Legacy -I../Drivers/CMSIS/Device/ST/STM32F4xx/Include -I../Drivers/CMSIS/Include -O0 -ffunction-sections -fdata-sections -Wall -fstack-usage -fcyclomatic-complexity -MMD -MP -MF"Drivers/STM32F4xx_HAL_Driver/Src/stm32f4xx_hal_dma.d" -MT"Drivers/STM32F4xx_HAL_Driver/Src/stm32f4xx_hal_dma.o" --specs=nano.specs -mfpu=fpv4-sp-d16 -mfloat-abi=hard -mthumb -o "Drivers/STM32F4xx_HAL_Driver/Src/stm32f4xx_hal_dma.o"
arm-none-eabi-gcc "../Drivers/STM32F4xx_HAL_Driver/Src/stm32f4xx_hal_dma_ex.c" -mcpu=cortex-m4 -std=gnu11 -g3 -DDEBUG -DUSE_HAL_DRIVER -DSTM32F429xx -c -I../Core/Inc -I../Drivers/STM32F4xx_HAL_Driver/Inc -I../Drivers/STM32F4xx_HAL_Driver/Inc/Legacy -I../Drivers/CMSIS/Device/ST/STM32F4xx/Include -I../Drivers/CMSIS/Include -O0 -ffunction-sections -fdata-sections -Wall -fstack-usage -fcyclomatic-complexity -MMD -MP -MF"Drivers/STM32F4xx_HAL_Driver/Src/stm32f4xx_hal_dma_ex.d" -MT"Drivers/STM32F4xx_HAL_Driver/Src/stm32f4xx_hal_dma_ex.o" --specs=nano.specs -mfpu=fpv4-sp-d16 -mfloat-abi=hard -mthumb -o "Drivers/STM32F4xx_HAL_Driver/Src/stm32f4xx_hal_dma_ex.o"
arm-none-eabi-gcc "../Drivers/STM32F4xx_HAL_Driver/Src/stm32f4xx_hal_eth.c" -mcpu=cortex-m4 -std=gnu11 -g3 -DDEBUG -DUSE_HAL_DRIVER -DSTM32F429xx -c -I../Core/Inc -I../Drivers/STM32F4xx_HAL_Driver/Inc -I../Drivers/STM32F4xx_HAL_Driver/Inc/Legacy -I../Drivers/CMSIS/Device/ST/STM32F4xx/Include -I../Drivers/CMSIS/Include -O0 -ffunction-sections -fdata-sections -Wall -fstack-usage -fcyclomatic-complexity -MMD -MP -MF"Drivers/STM32F4xx_HAL_Driver/Src/stm32f4xx_hal_eth.d" -MT"Drivers/STM32F4xx_HAL_Driver/Src/stm32f4xx_hal_eth.o" --specs=nano.specs -mfpu=fpv4-sp-d16 -mfloat-abi=hard -mthumb -o "Drivers/STM32F4xx_HAL_Driver/Src/stm32f4xx_hal_eth.o"
[...]
   91 | }
      | ^
make: *** [Core/Src/BMP280/subdir.mk:19: Core/Src/BMP280/bmp280.o] Error 1
"make -j8 all" terminated with exit code 2. Build might be incomplete.
21:05:33 **** Incremental Build of configuration Debug for project versuch_3_interfaces ****
make -j8 all 
arm-none-eabi-size   versuch_3_interfaces.elf 
   text	   data	    bss	    dec	    hex	filename
  18020	    100	   3892	  22012	   55fc	versuch_3_interfaces.elf
Finished building: default.size.stdout
 
21:06:38 **** Incremental Build of configuration Debug for project Versuch_3_IIC ****
make -j8 all 
arm-none-eabi-size   Versuch_3_IIC.elf 
   text	   data	    bss	    dec	    hex	filename
  16432	     20	   3588	  20040	   4e48	Versuch_3_IIC.elf
Finished building: default.size.stdout
 
21:06:38 **** Incremental Build of configuration Debug for project versuch_1_hello_world ****
make -j8 all 
arm-none-eabi-size   versuch_1_hello_world.elf 
   text	   data	    bss	    dec	    hex	filename
  16008	    100	   3860	  19968	   4e00	versuch_1_hello_world.elf
Finished building: default.size.stdout
 
21:06:39 **** Incremental Build of configuration Debug for project versuch_2_rgb ****
make -j8 all 
arm-none-eabi-size   versuch_2_rgb.elf 
   text	   data	    bss	    dec	    hex	filename
  15592	     20	   3564	  19176	   4ae8	versuch_2_rgb.elf
Finished building: default.size.stdout
 
21:06:39 **** Incremental Build of configuration Debug for project versuch_2_timer ****
make -j8 all 
arm-none-eabi-size   versuch_2_timer.elf 
   text	   data	    bss	    dec	    hex	filename
  18780	    100	   4028	  22908	   597c	versuch_2_timer.elf
Finished building: default.size.stdout
 
21:06:40 **** Incremental Build of configuration Debug for project versuch_3_SPI ****
make -j8 all 
arm-none-eabi-gcc "../Core/Src/BMP280/bmp280.c" -mcpu=cortex-m4 -std=gnu11 -g3 -DDEBUG -DUSE_HAL_DRIVER -DSTM32F429xx -c -I../Core/Inc -I../Drivers/STM32F4xx_HAL_Driver/Inc -I../Drivers/STM32F4xx_HAL_Driver/Inc/Legacy -I../Drivers/CMSIS/Device/ST/STM32F4xx/Include -I../Drivers/CMSIS/Include -O0 -ffunction-sections -fdata-sections -Wall -fstack-usage -fcyclomatic-complexity -MMD -MP -MF"Core/Src/BMP280/bmp280.d" -MT"Core/Src/BMP280/bmp280.o" --specs=nano.specs -mfpu=fpv4-sp-d16 -mfloat-abi=hard -mthumb -o "Core/Src/BMP280/bmp280.o"
../Core/Src/BMP280/bmp280.c:11:10: fatal error: main.c: No such file or directory
   11 | #include "main.c"
      |          ^~~~~~~~
compilation terminated.
make: *** [Core/Src/BMP280/subdir.mk:19: Core/Src/BMP280/bmp280.o] Error 1
"make -j8 all" terminated with exit code 2. Build might be incomplete.
21:06:40 **** Incremental Build of configuration Debug for project versuch_3_interfaces ****
make -j8 all 
arm-none-eabi-size   versuch_3_interfaces.elf 
   text	   data	    bss	    dec	    hex	filename
  18020	    100	   3892	  22012	   55fc	versuch_3_interfaces.elf
Finished building: default.size.stdout
 
21:09:09 **** Incremental Build of configuration Debug for project Versuch_3_IIC ****
make -j8 all 
arm-none-eabi-size   Versuch_3_IIC.elf 
   text	   data	    bss	    dec	    hex	filename
  16432	     20	   3588	  20040	   4e48	Versuch_3_IIC.elf
Finished building: default.size.stdout
 
21:09:09 **** Incremental Build of configuration Debug for project versuch_1_hello_world ****
make -j8 all 
arm-none-eabi-size   versuch_1_hello_world.elf 
   text	   data	    bss	    dec	    hex	filename
  16008	    100	   3860	  19968	   4e00	versuch_1_hello_world.elf
Finished building: default.size.stdout
 
21:09:10 **** Incremental Build of configuration Debug for project versuch_2_rgb ****
make -j8 all 
arm-none-eabi-size   versuch_2_rgb.elf 
   text	   data	    bss	    dec	    hex	filename
  15592	     20	   3564	  19176	   4ae8	versuch_2_rgb.elf
Finished building: default.size.stdout
 
21:09:10 **** Incremental Build of configuration Debug for project versuch_2_timer ****
make -j8 all 
arm-none-eabi-size   versuch_2_timer.elf 
   text	   data	    bss	    dec	    hex	filename
  18780	    100	   4028	  22908	   597c	versuch_2_timer.elf
Finished building: default.size.stdout
 
21:09:10 **** Incremental Build of configuration Debug for project versuch_3_SPI ****
make -j8 all 
arm-none-eabi-gcc "../Core/Src/BMP280/bmp280.c" -mcpu=cortex-m4 -std=gnu11 -g3 -DDEBUG -DUSE_HAL_DRIVER -DSTM32F429xx -c -I../Core/Inc -I../Drivers/STM32F4xx_HAL_Driver/Inc -I../Drivers/STM32F4xx_HAL_Driver/Inc/Legacy -I../Drivers/CMSIS/Device/ST/STM32F4xx/Include -I../Drivers/CMSIS/Include -O0 -ffunction-sections -fdata-sections -Wall -fstack-usage -fcyclomatic-complexity -MMD -MP -MF"Core/Src/BMP280/bmp280.d" -MT"Core/Src/BMP280/bmp280.o" --specs=nano.specs -mfpu=fpv4-sp-d16 -mfloat-abi=hard -mthumb -o "Core/Src/BMP280/bmp280.o"
../Core/Src/BMP280/bmp280.c: In function 'read_register16':
../Core/Src/BMP280/bmp280.c:70:27: error: 'hspi1' undeclared (first use in this function)
   70 |         HAL_SPI_Transmit(&hspi1, (uint8_t *)&EEPROM_RDSR, 1, 100);
      |                           ^~~~~
../Core/Src/BMP280/bmp280.c:70:27: note: each undeclared identifier is reported only once for each function it appears in
../Core/Src/BMP280/bmp280.c:70:46: error: 'EEPROM_RDSR' undeclared (first use in this function)
   70 |         HAL_SPI_Transmit(&hspi1, (uint8_t *)&EEPROM_RDSR, 1, 100);
      |                                              ^~~~~~~~~~~
../Core/Src/BMP280/bmp280.c:71:45: error: 'spi_buf' undeclared (first use in this function)
   71 |         HAL_SPI_Receive(&hspi1, (uint8_t *)&spi_buf, 1, 100);
      |                                             ^~~~~~~
../Core/Src/BMP280/bmp280.c:77:1: warning: no return statement in function returning non-void [-Wreturn-type]
   77 | }
      | ^
../Core/Src/BMP280/bmp280.c: In function 'read_data':
../Core/Src/BMP280/bmp280.c:85:1: warning: no return statement in function returning non-void [-Wreturn-type]
   85 | }
      | ^
../Core/Src/BMP280/bmp280.c: In function 'write_register8':
../Core/Src/BMP280/bmp280.c:92:1: warning: no return statement in function returning non-void [-Wreturn-type]
   92 | }
      | ^
make: *** [Core/Src/BMP280/subdir.mk:19: Core/Src/BMP280/bmp280.o] Error 1
"make -j8 all" terminated with exit code 2. Build might be incomplete.
21:09:11 **** Incremental Build of configuration Debug for project versuch_3_interfaces ****
make -j8 all 
arm-none-eabi-size   versuch_3_interfaces.elf 
   text	   data	    bss	    dec	    hex	filename
  18020	    100	   3892	  22012	   55fc	versuch_3_interfaces.elf
Finished building: default.size.stdout
 
21:15:59 **** Incremental Build of configuration Debug for project Versuch_3_IIC ****
make -j8 all 
arm-none-eabi-size   Versuch_3_IIC.elf 
   text	   data	    bss	    dec	    hex	filename
  16432	     20	   3588	  20040	   4e48	Versuch_3_IIC.elf
Finished building: default.size.stdout
 
21:16:00 **** Incremental Build of configuration Debug for project versuch_1_hello_world ****
make -j8 all 
arm-none-eabi-size   versuch_1_hello_world.elf 
   text	   data	    bss	    dec	    hex	filename
  16008	    100	   3860	  19968	   4e00	versuch_1_hello_world.elf
Finished building: default.size.stdout
 
21:16:00 **** Incremental Build of configuration Debug for project versuch_2_rgb ****
make -j8 all 
arm-none-eabi-size   versuch_2_rgb.elf 
   text	   data	    bss	    dec	    hex	filename
  15592	     20	   3564	  19176	   4ae8	versuch_2_rgb.elf
Finished building: default.size.stdout
 
21:16:00 **** Incremental Build of configuration Debug for project versuch_2_timer ****
make -j8 all 
arm-none-eabi-size   versuch_2_timer.elf 
   text	   data	    bss	    dec	    hex	filename
  18780	    100	   4028	  22908	   597c	versuch_2_timer.elf
Finished building: default.size.stdout
 
21:16:01 **** Incremental Build of configuration Debug for project versuch_3_SPI ****
make -j8 all 
arm-none-eabi-gcc "../Core/Src/BMP280/bmp280.c" -mcpu=cortex-m4 -std=gnu11 -g3 -DDEBUG -DUSE_HAL_DRIVER -DSTM32F429xx -c -I../Core/Inc -I../Drivers/STM32F4xx_HAL_Driver/Inc -I../Drivers/STM32F4xx_HAL_Driver/Inc/Legacy -I../Drivers/CMSIS/Device/ST/STM32F4xx/Include -I../Drivers/CMSIS/Include -O0 -ffunction-sections -fdata-sections -Wall -fstack-usage -fcyclomatic-complexity -MMD -MP -MF"Core/Src/BMP280/bmp280.d" -MT"Core/Src/BMP280/bmp280.o" --specs=nano.specs -mfpu=fpv4-sp-d16 -mfloat-abi=hard -mthumb -o "Core/Src/BMP280/bmp280.o"
../Core/Src/BMP280/bmp280.c: In function 'read_register16':
../Core/Src/BMP280/bmp280.c:69:36: error: 'buf' undeclared (first use in this function)
   69 |         HAL_SPI_Transmit(dev->spi, buf, 1, 100);
      |                                    ^~~
../Core/Src/BMP280/bmp280.c:69:36: note: each undeclared identifier is reported only once for each function it appears in
../Core/Src/BMP280/bmp280.c:70:26: error: 'hspi1' undeclared (first use in this function)
   70 |         HAL_SPI_Receive(&hspi1, (uint8_t *)&spi_buf, 1, 100);
      |                          ^~~~~
../Core/Src/BMP280/bmp280.c:70:45: error: 'spi_buf' undeclared (first use in this function)
   70 |         HAL_SPI_Receive(&hspi1, (uint8_t *)&spi_buf, 1, 100);
      |                                             ^~~~~~~
../Core/Src/BMP280/bmp280.c:76:1: warning: no return statement in function returning non-void [-Wreturn-type]
   76 | }
      | ^
../Core/Src/BMP280/bmp280.c: In function 'read_data':
../Core/Src/BMP280/bmp280.c:84:1: warning: no return statement in function returning non-void [-Wreturn-type]
   84 | }
      | ^
../Core/Src/BMP280/bmp280.c: In function 'write_register8':
../Core/Src/BMP280/bmp280.c:91:1: warning: no return statement in function returning non-void [-Wreturn-type]
   91 | }
      | ^
make: *** [Core/Src/BMP280/subdir.mk:19: Core/Src/BMP280/bmp280.o] Error 1
"make -j8 all" terminated with exit code 2. Build might be incomplete.
21:16:01 **** Incremental Build of configuration Debug for project versuch_3_interfaces ****
make -j8 all 
arm-none-eabi-size   versuch_3_interfaces.elf 
   text	   data	    bss	    dec	    hex	filename
  18020	    100	   3892	  22012	   55fc	versuch_3_interfaces.elf
Finished building: default.size.stdout
 
21:16:19 **** Incremental Build of configuration Debug for project Versuch_3_IIC ****
make -j8 all 
arm-none-eabi-size   Versuch_3_IIC.elf 
   text	   data	    bss	    dec	    hex	filename
  16432	     20	   3588	  20040	   4e48	Versuch_3_IIC.elf
Finished building: default.size.stdout
 
21:16:19 **** Incremental Build of configuration Debug for project versuch_1_hello_world ****
make -j8 all 
arm-none-eabi-size   versuch_1_hello_world.elf 
   text	   data	    bss	    dec	    hex	filename
  16008	    100	   3860	  19968	   4e00	versuch_1_hello_world.elf
Finished building: default.size.stdout
 
21:16:20 **** Incremental Build of configuration Debug for project versuch_2_rgb ****
make -j8 all 
arm-none-eabi-size   versuch_2_rgb.elf 
   text	   data	    bss	    dec	    hex	filename
  15592	     20	   3564	  19176	   4ae8	versuch_2_rgb.elf
Finished building: default.size.stdout
 
21:16:20 **** Incremental Build of configuration Debug for project versuch_2_timer ****
make -j8 all 
arm-none-eabi-size   versuch_2_timer.elf 
   text	   data	    bss	    dec	    hex	filename
  18780	    100	   4028	  22908	   597c	versuch_2_timer.elf
Finished building: default.size.stdout
 
21:16:21 **** Incremental Build of configuration Debug for project versuch_3_SPI ****
make -j8 all 
arm-none-eabi-gcc "../Core/Src/BMP280/bmp280.c" -mcpu=cortex-m4 -std=gnu11 -g3 -DDEBUG -DUSE_HAL_DRIVER -DSTM32F429xx -c -I../Core/Inc -I../Drivers/STM32F4xx_HAL_Driver/Inc -I../Drivers/STM32F4xx_HAL_Driver/Inc/Legacy -I../Drivers/CMSIS/Device/ST/STM32F4xx/Include -I../Drivers/CMSIS/Include -O0 -ffunction-sections -fdata-sections -Wall -fstack-usage -fcyclomatic-complexity -MMD -MP -MF"Core/Src/BMP280/bmp280.d" -MT"Core/Src/BMP280/bmp280.o" --specs=nano.specs -mfpu=fpv4-sp-d16 -mfloat-abi=hard -mthumb -o "Core/Src/BMP280/bmp280.o"
../Core/Src/BMP280/bmp280.c: In function 'read_register16':
../Core/Src/BMP280/bmp280.c:69:36: error: 'buf' undeclared (first use in this function)
   69 |         HAL_SPI_Transmit(dev->spi, buf, 1, 100);
      |                                    ^~~
../Core/Src/BMP280/bmp280.c:69:36: note: each undeclared identifier is reported only once for each function it appears in
../Core/Src/BMP280/bmp280.c:76:1: warning: no return statement in function returning non-void [-Wreturn-type]
   76 | }
      | ^
../Core/Src/BMP280/bmp280.c: In function 'read_data':
../Core/Src/BMP280/bmp280.c:84:1: warning: no return statement in function returning non-void [-Wreturn-type]
   84 | }
      | ^
../Core/Src/BMP280/bmp280.c: In function 'write_register8':
../Core/Src/BMP280/bmp280.c:91:1: warning: no return statement in function returning non-void [-Wreturn-type]
   91 | }
      | ^
make: *** [Core/Src/BMP280/subdir.mk:19: Core/Src/BMP280/bmp280.o] Error 1
"make -j8 all" terminated with exit code 2. Build might be incomplete.
21:16:21 **** Incremental Build of configuration Debug for project versuch_3_interfaces ****
make -j8 all 
arm-none-eabi-size   versuch_3_interfaces.elf 
   text	   data	    bss	    dec	    hex	filename
  18020	    100	   3892	  22012	   55fc	versuch_3_interfaces.elf
Finished building: default.size.stdout
 
21:16:35 **** Incremental Build of configuration Debug for project Versuch_3_IIC ****
make -j8 all 
arm-none-eabi-size   Versuch_3_IIC.elf 
   text	   data	    bss	    dec	    hex	filename
  16432	     20	   3588	  20040	   4e48	Versuch_3_IIC.elf
Finished building: default.size.stdout
 
21:16:36 **** Incremental Build of configuration Debug for project versuch_1_hello_world ****
make -j8 all 
arm-none-eabi-size   versuch_1_hello_world.elf 
   text	   data	    bss	    dec	    hex	filename
  16008	    100	   3860	  19968	   4e00	versuch_1_hello_world.elf
Finished building: default.size.stdout
 
21:16:36 **** Incremental Build of configuration Debug for project versuch_2_rgb ****
make -j8 all 
arm-none-eabi-size   versuch_2_rgb.elf 
   text	   data	    bss	    dec	    hex	filename
  15592	     20	   3564	  19176	   4ae8	versuch_2_rgb.elf
Finished building: default.size.stdout
 
21:16:36 **** Incremental Build of configuration Debug for project versuch_2_timer ****
make -j8 all 
arm-none-eabi-size   versuch_2_timer.elf 
   text	   data	    bss	    dec	    hex	filename
  18780	    100	   4028	  22908	   597c	versuch_2_timer.elf
Finished building: default.size.stdout
 
21:16:37 **** Incremental Build of configuration Debug for project versuch_3_SPI ****
make -j8 all 
arm-none-eabi-gcc "../Core/Src/BMP280/bmp280.c" -mcpu=cortex-m4 -std=gnu11 -g3 -DDEBUG -DUSE_HAL_DRIVER -DSTM32F429xx -c -I../Core/Inc -I../Drivers/STM32F4xx_HAL_Driver/Inc -I../Drivers/STM32F4xx_HAL_Driver/Inc/Legacy -I../Drivers/CMSIS/Device/ST/STM32F4xx/Include -I../Drivers/CMSIS/Include -O0 -ffunction-sections -fdata-sections -Wall -fstack-usage -fcyclomatic-complexity -MMD -MP -MF"Core/Src/BMP280/bmp280.d" -MT"Core/Src/BMP280/bmp280.o" --specs=nano.specs -mfpu=fpv4-sp-d16 -mfloat-abi=hard -mthumb -o "Core/Src/BMP280/bmp280.o"
../Core/Src/BMP280/bmp280.c: In function 'read_register16':
../Core/Src/BMP280/bmp280.c:69:36: error: 'spi_buf' undeclared (first use in this function)
   69 |         HAL_SPI_Transmit(dev->spi, spi_buf, 1, 100);
      |                                    ^~~~~~~
../Core/Src/BMP280/bmp280.c:69:36: note: each undeclared identifier is reported only once for each function it appears in
../Core/Src/BMP280/bmp280.c:70:35: error: 'buf' undeclared (first use in this function)
   70 |         HAL_SPI_Receive(dev->spi, buf, 1, 100);
      |                                   ^~~
../Core/Src/BMP280/bmp280.c:76:1: warning: no return statement in function returning non-void [-Wreturn-type]
   76 | }
      | ^
../Core/Src/BMP280/bmp280.c: In function 'read_data':
../Core/Src/BMP280/bmp280.c:84:1: warning: no return statement in function returning non-void [-Wreturn-type]
   84 | }
      | ^
../Core/Src/BMP280/bmp280.c: In function 'write_register8':
../Core/Src/BMP280/bmp280.c:91:1: warning: no return statement in function returning non-void [-Wreturn-type]
   91 | }
      | ^
make: *** [Core/Src/BMP280/subdir.mk:19: Core/Src/BMP280/bmp280.o] Error 1
"make -j8 all" terminated with exit code 2. Build might be incomplete.
21:16:37 **** Incremental Build of configuration Debug for project versuch_3_interfaces ****
make -j8 all 
arm-none-eabi-size   versuch_3_interfaces.elf 
   text	   data	    bss	    dec	    hex	filename
  18020	    100	   3892	  22012	   55fc	versuch_3_interfaces.elf
Finished building: default.size.stdout
 
22:25:56 **** Incremental Build of configuration Debug for project Versuch_3_IIC ****
make -j8 all 
arm-none-eabi-size   Versuch_3_IIC.elf 
   text	   data	    bss	    dec	    hex	filename
  16432	     20	   3588	  20040	   4e48	Versuch_3_IIC.elf
Finished building: default.size.stdout
 
22:25:56 **** Incremental Build of configuration Debug for project versuch_1_hello_world ****
make -j8 all 
arm-none-eabi-size   versuch_1_hello_world.elf 
   text	   data	    bss	    dec	    hex	filename
  16008	    100	   3860	  19968	   4e00	versuch_1_hello_world.elf
Finished building: default.size.stdout
 
22:25:57 **** Incremental Build of configuration Debug for project versuch_2_rgb ****
make -j8 all 
arm-none-eabi-size   versuch_2_rgb.elf 
   text	   data	    bss	    dec	    hex	filename
  15592	     20	   3564	  19176	   4ae8	versuch_2_rgb.elf
Finished building: default.size.stdout
 
22:25:57 **** Incremental Build of configuration Debug for project versuch_2_timer ****
make -j8 all 
arm-none-eabi-size   versuch_2_timer.elf 
   text	   data	    bss	    dec	    hex	filename
  18780	    100	   4028	  22908	   597c	versuch_2_timer.elf
Finished building: default.size.stdout
 
22:25:58 **** Incremental Build of configuration Debug for project versuch_3_SPI ****
make -j8 all 
arm-none-eabi-gcc "../Core/Src/BMP280/bmp280.c" -mcpu=cortex-m4 -std=gnu11 -g3 -DDEBUG -DUSE_HAL_DRIVER -DSTM32F429xx -c -I../Core/Inc -I../Drivers/STM32F4xx_HAL_Driver/Inc -I../Drivers/STM32F4xx_HAL_Driver/Inc/Legacy -I../Drivers/CMSIS/Device/ST/STM32F4xx/Include -I../Drivers/CMSIS/Include -O0 -ffunction-sections -fdata-sections -Wall -fstack-usage -fcyclomatic-complexity -MMD -MP -MF"Core/Src/BMP280/bmp280.d" -MT"Core/Src/BMP280/bmp280.o" --specs=nano.specs -mfpu=fpv4-sp-d16 -mfloat-abi=hard -mthumb -o "Core/Src/BMP280/bmp280.o"
../Core/Src/BMP280/bmp280.c: In function 'read_register16':
../Core/Src/BMP280/bmp280.c:69:36: error: 'spi_buf' undeclared (first use in this function)
   69 |         HAL_SPI_Transmit(dev->spi, spi_buf, 1, 100);
      |                                    ^~~~~~~
../Core/Src/BMP280/bmp280.c:69:36: note: each undeclared identifier is reported only once for each function it appears in
../Core/Src/BMP280/bmp280.c:70:35: error: 'buf' undeclared (first use in this function)
   70 |         HAL_SPI_Receive(dev->spi, buf, 1, 100);
      |                                   ^~~
../Core/Src/BMP280/bmp280.c:76:1: warning: no return statement in function returning non-void [-Wreturn-type]
   76 | }
      | ^
../Core/Src/BMP280/bmp280.c: In function 'read_data':
../Core/Src/BMP280/bmp280.c:84:1: warning: no return statement in function returning non-void [-Wreturn-type]
   84 | }
      | ^
../Core/Src/BMP280/bmp280.c: In function 'write_register8':
../Core/Src/BMP280/bmp280.c:91:1: warning: no return statement in function returning non-void [-Wreturn-type]
   91 | }
      | ^
make: *** [Core/Src/BMP280/subdir.mk:19: Core/Src/BMP280/bmp280.o] Error 1
"make -j8 all" terminated with exit code 2. Build might be incomplete.
22:25:59 **** Incremental Build of configuration Debug for project versuch_3_interfaces ****
make -j8 all 
arm-none-eabi-size   versuch_3_interfaces.elf 
   text	   data	    bss	    dec	    hex	filename
  18020	    100	   3892	  22012	   55fc	versuch_3_interfaces.elf
Finished building: default.size.stdout
 
